Component: ARM Compiler 5.06 update 6 (build 750) Tool: armlink [4d35ed]

==============================================================================

Section Cross References

    startup_stm32f103xe.o(RESET) refers to startup_stm32f103xe.o(STACK) for __initial_sp
    startup_stm32f103xe.o(RESET) refers to startup_stm32f103xe.o(.text) for Reset_Handler
    startup_stm32f103xe.o(RESET) refers to stm32f1xx_it.o(i.NMI_Handler) for NMI_Handler
    startup_stm32f103xe.o(RESET) refers to context_rvds.o(.text) for HardFault_Handler
    startup_stm32f103xe.o(RESET) refers to stm32f1xx_it.o(i.MemManage_Handler) for MemManage_Handler
    startup_stm32f103xe.o(RESET) refers to stm32f1xx_it.o(i.BusFault_Handler) for BusFault_Handler
    startup_stm32f103xe.o(RESET) refers to stm32f1xx_it.o(i.UsageFault_Handler) for UsageFault_Handler
    startup_stm32f103xe.o(RESET) refers to stm32f1xx_it.o(i.DebugMon_Handler) for DebugMon_Handler
    startup_stm32f103xe.o(RESET) refers to board.o(i.SysTick_Handler) for SysTick_Handler
    startup_stm32f103xe.o(RESET) refers to stm32f1xx_it.o(i.TIM2_IRQHandler) for TIM2_IRQHandler
    startup_stm32f103xe.o(RESET) refers to stm32f1xx_it.o(i.UART4_IRQHandler) for UART4_IRQHandler
    startup_stm32f103xe.o(.text) refers to system_stm32f1xx.o(i.SystemInit) for SystemInit
    startup_stm32f103xe.o(.text) refers to entry.o(.ARM.Collect$$$$00000000) for __main
    main.o(i.HAL_TIM_PeriodElapsedCallback) refers to stm32f1xx_hal.o(i.HAL_IncTick) for HAL_IncTick
    main.o(i.HAL_UART_RxCpltCallback) refers to stm32f1xx_hal_uart.o(i.HAL_UART_Receive_IT) for HAL_UART_Receive_IT
    main.o(i.HAL_UART_RxCpltCallback) refers to jy901.o(i.JY901_DataReceive) for JY901_DataReceive
    main.o(i.HAL_UART_RxCpltCallback) refers to usart.o(.bss) for huart4
    main.o(i.HAL_UART_RxCpltCallback) refers to main.o(.data) for .data
    main.o(i.MX_RT_Thread_Init) refers to thread.o(i.rt_thread_init) for rt_thread_init
    main.o(i.MX_RT_Thread_Init) refers to thread.o(i.rt_thread_startup) for rt_thread_startup
    main.o(i.MX_RT_Thread_Init) refers to main.o(.bss) for .bss
    main.o(i.MX_RT_Thread_Init) refers to main.o(i.led1_task_entry) for led1_task_entry
    main.o(i.MX_RT_Thread_Init) refers to main.o(i.communication_thread_entry) for communication_thread_entry
    main.o(i.MX_RT_Thread_Process) refers to ms5837.o(i.MS5837_Read) for MS5837_Read
    main.o(i.MX_RT_Thread_Process) refers to printfa.o(i.__0printf) for __2printf
    main.o(i.MX_RT_Thread_Process) refers to thread.o(i.rt_thread_delay) for rt_thread_delay
    main.o(i.SystemClock_Config) refers to memseta.o(.text) for __aeabi_memclr4
    main.o(i.SystemClock_Config) refers to stm32f1xx_hal_rcc.o(i.HAL_RCC_OscConfig) for HAL_RCC_OscConfig
    main.o(i.SystemClock_Config) refers to stm32f1xx_hal_rcc.o(i.HAL_RCC_ClockConfig) for HAL_RCC_ClockConfig
    main.o(i.SystemClock_Config) refers to stm32f1xx_hal_rcc_ex.o(i.HAL_RCCEx_PeriphCLKConfig) for HAL_RCCEx_PeriphCLKConfig
    main.o(i.communication_thread_entry) refers to thread.o(i.rt_thread_delay) for rt_thread_delay
    main.o(i.fputc) refers to stm32f1xx_hal_uart.o(i.HAL_UART_Transmit) for HAL_UART_Transmit
    main.o(i.fputc) refers to usart.o(.bss) for huart5
    main.o(i.led1_task_entry) refers to stm32f1xx_hal_gpio.o(i.HAL_GPIO_TogglePin) for HAL_GPIO_TogglePin
    main.o(i.led1_task_entry) refers to thread.o(i.rt_thread_delay) for rt_thread_delay
    main.o(i.led2_task_entry) refers to stm32f1xx_hal_gpio.o(i.HAL_GPIO_TogglePin) for HAL_GPIO_TogglePin
    main.o(i.led2_task_entry) refers to thread.o(i.rt_thread_delay) for rt_thread_delay
    main.o(i.main) refers to stm32f1xx_hal.o(i.HAL_Init) for HAL_Init
    main.o(i.main) refers to main.o(i.SystemClock_Config) for SystemClock_Config
    main.o(i.main) refers to gpio.o(i.MX_GPIO_Init) for MX_GPIO_Init
    main.o(i.main) refers to adc.o(i.MX_ADC1_Init) for MX_ADC1_Init
    main.o(i.main) refers to tim.o(i.MX_TIM1_Init) for MX_TIM1_Init
    main.o(i.main) refers to tim.o(i.MX_TIM3_Init) for MX_TIM3_Init
    main.o(i.main) refers to tim.o(i.MX_TIM4_Init) for MX_TIM4_Init
    main.o(i.main) refers to tim.o(i.MX_TIM8_Init) for MX_TIM8_Init
    main.o(i.main) refers to usart.o(i.MX_UART4_Init) for MX_UART4_Init
    main.o(i.main) refers to usart.o(i.MX_UART5_Init) for MX_UART5_Init
    main.o(i.main) refers to usart.o(i.MX_USART1_UART_Init) for MX_USART1_UART_Init
    main.o(i.main) refers to usart.o(i.MX_USART2_UART_Init) for MX_USART2_UART_Init
    main.o(i.main) refers to usart.o(i.MX_USART3_UART_Init) for MX_USART3_UART_Init
    main.o(i.main) refers to stm32f1xx_hal_tim.o(i.HAL_TIM_Base_Start_IT) for HAL_TIM_Base_Start_IT
    main.o(i.main) refers to stm32f1xx_hal_tim.o(i.HAL_TIM_PWM_Start) for HAL_TIM_PWM_Start
    main.o(i.main) refers to stm32f1xx_hal_uart.o(i.HAL_UART_Receive_IT) for HAL_UART_Receive_IT
    main.o(i.main) refers to ms5837.o(i.MS5837_Init) for MS5837_Init
[...]
    i.MX_USART3_UART_Init                    0x0800349c   Section        0  usart.o(i.MX_USART3_UART_Init)
    i.MemManage_Handler                      0x080034d4   Section        0  stm32f1xx_it.o(i.MemManage_Handler)
    i.NMI_Handler                            0x080034d6   Section        0  stm32f1xx_it.o(i.NMI_Handler)
    i.SysTick_Handler                        0x080034d8   Section        0  board.o(i.SysTick_Handler)
    i.SystemClock_Config                     0x080034ea   Section        0  main.o(i.SystemClock_Config)
    i.SystemCoreClockUpdate                  0x08003564   Section        0  system_stm32f1xx.o(i.SystemCoreClockUpdate)
    i.SystemInit                             0x080035cc   Section        0  system_stm32f1xx.o(i.SystemInit)
    i.TIM2_IRQHandler                        0x080035d0   Section        0  stm32f1xx_it.o(i.TIM2_IRQHandler)
    i.TIM_Base_SetConfig                     0x080035dc   Section        0  stm32f1xx_hal_tim.o(i.TIM_Base_SetConfig)
    i.TIM_CCxChannelCmd                      0x08003668   Section        0  stm32f1xx_hal_tim.o(i.TIM_CCxChannelCmd)
    i.TIM_ETR_SetConfig                      0x08003682   Section        0  stm32f1xx_hal_tim.o(i.TIM_ETR_SetConfig)
    i.TIM_ITRx_SetConfig                     0x08003696   Section        0  stm32f1xx_hal_tim.o(i.TIM_ITRx_SetConfig)
    TIM_ITRx_SetConfig                       0x08003697   Thumb Code    16  stm32f1xx_hal_tim.o(i.TIM_ITRx_SetConfig)
    i.TIM_OC1_SetConfig                      0x080036a8   Section        0  stm32f1xx_hal_tim.o(i.TIM_OC1_SetConfig)
    TIM_OC1_SetConfig                        0x080036a9   Thumb Code    88  stm32f1xx_hal_tim.o(i.TIM_OC1_SetConfig)
    i.TIM_OC2_SetConfig                      0x08003708   Section        0  stm32f1xx_hal_tim.o(i.TIM_OC2_SetConfig)
    i.TIM_OC3_SetConfig                      0x08003774   Section        0  stm32f1xx_hal_tim.o(i.TIM_OC3_SetConfig)
    TIM_OC3_SetConfig                        0x08003775   Thumb Code    96  stm32f1xx_hal_tim.o(i.TIM_OC3_SetConfig)
    i.TIM_OC4_SetConfig                      0x080037dc   Section        0  stm32f1xx_hal_tim.o(i.TIM_OC4_SetConfig)
    TIM_OC4_SetConfig                        0x080037dd   Thumb Code    70  stm32f1xx_hal_tim.o(i.TIM_OC4_SetConfig)
    i.TIM_TI1_ConfigInputStage               0x0800382c   Section        0  stm32f1xx_hal_tim.o(i.TIM_TI1_ConfigInputStage)
    TIM_TI1_ConfigInputStage                 0x0800382d   Thumb Code    34  stm32f1xx_hal_tim.o(i.TIM_TI1_ConfigInputStage)
    i.TIM_TI2_ConfigInputStage               0x0800384e   Section        0  stm32f1xx_hal_tim.o(i.TIM_TI2_ConfigInputStage)
    TIM_TI2_ConfigInputStage                 0x0800384f   Thumb Code    36  stm32f1xx_hal_tim.o(i.TIM_TI2_ConfigInputStage)
    i.UART4_IRQHandler                       0x08003874   Section        0  stm32f1xx_it.o(i.UART4_IRQHandler)
    i.UART_DMAAbortOnError                   0x08003880   Section        0  stm32f1xx_hal_uart.o(i.UART_DMAAbortOnError)
    UART_DMAAbortOnError                     0x08003881   Thumb Code    16  stm32f1xx_hal_uart.o(i.UART_DMAAbortOnError)
    i.UART_EndRxTransfer                     0x08003890   Section        0  stm32f1xx_hal_uart.o(i.UART_EndRxTransfer)
    UART_EndRxTransfer                       0x08003891   Thumb Code    48  stm32f1xx_hal_uart.o(i.UART_EndRxTransfer)
    i.UART_Receive_IT                        0x080038c0   Section        0  stm32f1xx_hal_uart.o(i.UART_Receive_IT)
    UART_Receive_IT                          0x080038c1   Thumb Code   182  stm32f1xx_hal_uart.o(i.UART_Receive_IT)
    i.UART_SetConfig                         0x08003978   Section        0  stm32f1xx_hal_uart.o(i.UART_SetConfig)
    UART_SetConfig                           0x08003979   Thumb Code   178  stm32f1xx_hal_uart.o(i.UART_SetConfig)
    i.UART_Start_Receive_IT                  0x08003a30   Section        0  stm32f1xx_hal_uart.o(i.UART_Start_Receive_IT)
    i.UART_WaitOnFlagUntilTimeout            0x08003a66   Section        0  stm32f1xx_hal_uart.o(i.UART_WaitOnFlagUntilTimeout)
    UART_WaitOnFlagUntilTimeout              0x08003a67   Thumb Code   100  stm32f1xx_hal_uart.o(i.UART_WaitOnFlagUntilTimeout)
    i.UsageFault_Handler                     0x08003aca   Section        0  stm32f1xx_it.o(i.UsageFault_Handler)
    i.__0printf                              0x08003acc   Section        0  printfa.o(i.__0printf)
    i.__NVIC_SetPriority                     0x08003aec   Section        0  stm32f1xx_hal_cortex.o(i.__NVIC_SetPriority)
    __NVIC_SetPriority                       0x08003aed   Thumb Code    32  stm32f1xx_hal_cortex.o(i.__NVIC_SetPriority)
    i.__rt_ffs                               0x08003b0c   Section        0  kservice.o(i.__rt_ffs)
    i.__scatterload_copy                     0x08003b54   Section       14  handlers.o(i.__scatterload_copy)
    i.__scatterload_null                     0x08003b62   Section        2  handlers.o(i.__scatterload_null)
    i.__scatterload_zeroinit                 0x08003b64   Section       14  handlers.o(i.__scatterload_zeroinit)
    i._fp_digits                             0x08003b74   Section        0  printfa.o(i._fp_digits)
    _fp_digits                               0x08003b75   Thumb Code   366  printfa.o(i._fp_digits)
    i._printf_core                           0x08003cf8   Section        0  printfa.o(i._printf_core)
    _printf_core                             0x08003cf9   Thumb Code  1744  printfa.o(i._printf_core)
    i._printf_post_padding                   0x080043d4   Section        0  printfa.o(i._printf_post_padding)
    _printf_post_padding                     0x080043d5   Thumb Code    36  printfa.o(i._printf_post_padding)
    i._printf_pre_padding                    0x080043f8   Section        0  printfa.o(i._printf_pre_padding)
    _printf_pre_padding                      0x080043f9   Thumb Code    46  printfa.o(i._printf_pre_padding)
    i._rt_thread_init                        0x08004428   Section        0  thread.o(i._rt_thread_init)
    _rt_thread_init                          0x08004429   Thumb Code   114  thread.o(i._rt_thread_init)
    i._rt_timer_init                         0x080044a4   Section        0  timer.o(i._rt_timer_init)
    _rt_timer_init                           0x080044a5   Thumb Code    40  timer.o(i._rt_timer_init)
    i._thread_cleanup_execute                0x080044cc   Section        0  thread.o(i._thread_cleanup_execute)
    _thread_cleanup_execute                  0x080044cd   Thumb Code    28  thread.o(i._thread_cleanup_execute)
    i.fputc                                  0x080044e8   Section        0  main.o(i.fputc)
    i.main                                   0x08004500   Section        0  main.o(i.main)
    i.main_thread_entry                      0x080046a4   Section        0  components.o(i.main_thread_entry)
    i.print_number                           0x080046b4   Section        0  kservice.o(i.print_number)
    print_number                             0x080046b5   Thumb Code   354  kservice.o(i.print_number)
    i.rt_application_init                    0x08004824   Section        0  components.o(i.rt_application_init)
    i.rt_components_board_init               0x08004868   Section        0  components.o(i.rt_components_board_init)
    i.rt_components_init                     0x08004888   Section        0  components.o(i.rt_components_init)
    i.rt_enter_critical                      0x080048a8   Section        0  scheduler.o(i.rt_enter_critical)
    i.rt_exit_critical                       0x080048c4   Section        0  scheduler.o(i.rt_exit_critical)
    i.rt_hw_board_init                       0x080048fc   Section        0  board.o(i.rt_hw_board_init)
    i.rt_hw_console_output                   0x08004924   Section        0  board.o(i.rt_hw_console_output)
    i.rt_hw_hard_fault_exception             0x0800496c   Section        0  cpuport.o(i.rt_hw_hard_fault_exception)
    i.rt_hw_stack_init                       0x08004b64   Section        0  cpuport.o(i.rt_hw_stack_init)
    i.rt_interrupt_enter                     0x08004ba4   Section        0  irq.o(i.rt_interrupt_enter)
    i.rt_interrupt_leave                     0x08004bc0   Section        0  irq.o(i.rt_interrupt_leave)
    i.rt_kprintf                             0x08004bdc   Section        0  kservice.o(i.rt_kprintf)
    i.rt_memset                              0x08004c00   Section        0  kservice.o(i.rt_memset)
    i.rt_object_detach                       0x08004c56   Section        0  object.o(i.rt_object_detach)
    i.rt_object_get_information              0x08004c84   Section        0  object.o(i.rt_object_get_information)
    i.rt_object_init                         0x08004ca8   Section        0  object.o(i.rt_object_init)
    i.rt_object_is_systemobject              0x08004d02   Section        0  object.o(i.rt_object_is_systemobject)
    i.rt_schedule                            0x08004d14   Section        0  scheduler.o(i.rt_schedule)
    i.rt_schedule_insert_thread              0x08004d78   Section        0  scheduler.o(i.rt_schedule_insert_thread)
    i.rt_schedule_remove_thread              0x08004dc8   Section        0  scheduler.o(i.rt_schedule_remove_thread)
    i.rt_show_version                        0x08004e1c   Section        0  kservice.o(i.rt_show_version)
    i.rt_strlen                              0x08004ecc   Section        0  kservice.o(i.rt_strlen)
    i.rt_strncpy                             0x08004edc   Section        0  kservice.o(i.rt_strncpy)
    i.rt_system_scheduler_init               0x08004f08   Section        0  scheduler.o(i.rt_system_scheduler_init)
    i.rt_system_scheduler_start              0x08004f44   Section        0  scheduler.o(i.rt_system_scheduler_start)
    i.rt_system_timer_init                   0x08004f6c   Section        0  timer.o(i.rt_system_timer_init)
    i.rt_system_timer_thread_init            0x08004f84   Section        0  timer.o(i.rt_system_timer_thread_init)
    i.rt_thread_exit                         0x08004f88   Section        0  thread.o(i.rt_thread_exit)
    i.rt_thread_idle_entry                   0x08004fe8   Section        0  idle.o(i.rt_thread_idle_entry)
    rt_thread_idle_entry                     0x08004fe9   Thumb Code     6  idle.o(i.rt_thread_idle_entry)
    i.rt_thread_idle_excute                  0x08004fee   Section        0  idle.o(i.rt_thread_idle_excute)
    i.rt_thread_idle_init                    0x08004ff0   Section        0  idle.o(i.rt_thread_idle_init)
    i.rt_thread_init                         0x08005030   Section        0  thread.o(i.rt_thread_init)
    i.rt_thread_mdelay                       0x08005062   Section        0  thread.o(i.rt_thread_mdelay)
    i.rt_thread_resume                       0x08005070   Section        0  thread.o(i.rt_thread_resume)
    i.rt_thread_self                         0x080050b8   Section        0  thread.o(i.rt_thread_self)
    i.rt_thread_sleep                        0x080050c4   Section        0  thread.o(i.rt_thread_sleep)
    i.rt_thread_startup                      0x08005108   Section        0  thread.o(i.rt_thread_startup)
    i.rt_thread_suspend                      0x08005132   Section        0  thread.o(i.rt_thread_suspend)
    i.rt_thread_timeout                      0x08005176   Section        0  thread.o(i.rt_thread_timeout)
    i.rt_thread_yield                        0x080051a0   Section        0  thread.o(i.rt_thread_yield)
    i.rt_tick_from_millisecond               0x0800520c   Section        0  clock.o(i.rt_tick_from_millisecond)
    i.rt_tick_get                            0x08005240   Section        0  clock.o(i.rt_tick_get)
    i.rt_tick_increase                       0x0800524c   Section        0  clock.o(i.rt_tick_increase)
    i.rt_timer_check                         0x08005278   Section        0  timer.o(i.rt_timer_check)
    i.rt_timer_control                       0x0800536c   Section        0  timer.o(i.rt_timer_control)
    i.rt_timer_detach                        0x080053c0   Section        0  timer.o(i.rt_timer_detach)
    i.rt_timer_init                          0x08005406   Section        0  timer.o(i.rt_timer_init)
    i.rt_timer_start                         0x08005430   Section        0  timer.o(i.rt_timer_start)
    i.rt_timer_stop                          0x08005500   Section        0  timer.o(i.rt_timer_stop)
    i.rt_vsnprintf                           0x08005554   Section        0  kservice.o(i.rt_vsnprintf)
    i.rti_board_end                          0x08005880   Section        0  components.o(i.rti_board_end)
    rti_board_end                            0x08005881   Thumb Code     4  components.o(i.rti_board_end)
    i.rti_board_start                        0x08005884   Section        0  components.o(i.rti_board_start)
    rti_board_start                          0x08005885   Thumb Code     4  components.o(i.rti_board_start)
    i.rti_end                                0x08005888   Section        0  components.o(i.rti_end)
    rti_end                                  0x08005889   Thumb Code     4  components.o(i.rti_end)
    i.rti_start                              0x0800588c   Section        0  components.o(i.rti_start)
    rti_start                                0x0800588d   Thumb Code     4  components.o(i.rti_start)
    i.rtthread_startup                       0x08005890   Section        0  components.o(i.rtthread_startup)
    i.uart_init                              0x080058bc   Section        0  board.o(i.uart_init)
    uart_init                                0x080058bd   Thumb Code    42  board.o(i.uart_init)
    .constdata                               0x080058f0   Section       16  system_stm32f1xx.o(.constdata)
    .constdata                               0x08005900   Section        8  system_stm32f1xx.o(.constdata)
    .constdata                               0x08005908   Section      290  kservice.o(.constdata)
    small_digits                             0x08005a08   Data          17  kservice.o(.constdata)
    large_digits                             0x08005a19   Data          17  kservice.o(.constdata)
    .rti_fn.0                                0x08005a2c   Section        4  components.o(.rti_fn.0)
    __tagsym$$used                           0x08005a2c   Number         0  components.o(.rti_fn.0)
    .rti_fn.0.end                            0x08005a30   Section        4  components.o(.rti_fn.0.end)
    __tagsym$$used                           0x08005a30   Number         0  components.o(.rti_fn.0.end)
    .rti_fn.1                                0x08005a34   Section        4  board.o(.rti_fn.1)
    __tagsym$$used                           0x08005a34   Number         0  board.o(.rti_fn.1)
    .rti_fn.1.end                            0x08005a38   Section        4  components.o(.rti_fn.1.end)
    __tagsym$$used                           0x08005a38   Number         0  components.o(.rti_fn.1.end)
    .rti_fn.6.end                            0x08005a3c   Section        4  components.o(.rti_fn.6.end)
    __tagsym$$used                           0x08005a3c   Number         0  components.o(.rti_fn.6.end)
    .data                                    0x20000000   Section        1  main.o(.data)
    .data                                    0x20000004   Section       12  stm32f1xx_hal.o(.data)
    .data                                    0x20000010   Section        4  system_stm32f1xx.o(.data)
    .data                                    0x20000014   Section       26  jy901.o(.data)
    ucRxCnt                                  0x20000014   Data           1  jy901.o(.data)
    .data                                    0x20000030   Section       32  ms5837.o(.data)
    .data                                    0x20000050   Section        4  clock.o(.data)
    rt_tick                                  0x20000050   Data           4  clock.o(.data)
    .data                                    0x20000054   Section        1  irq.o(.data)
    .data                                    0x20000058   Section       48  object.o(.data)
    rt_object_container                      0x20000058   Data          48  object.o(.data)
    .data                                    0x20000088   Section       20  scheduler.o(.data)
    rt_scheduler_lock_nest                   0x2000008a   Data           2  scheduler.o(.data)
    .data                                    0x2000009c   Section       12  timer.o(.data)
    random_nr                                0x2000009c   Data           4  timer.o(.data)
    rt_timer_list                            0x200000a0   Data           8  timer.o(.data)
    .data                                    0x200000a8   Section        4  cpuport.o(.data)
    rt_exception_hook                        0x200000a8   Data           4  cpuport.o(.data)
    .data                                    0x200000ac   Section        4  cpuport.o(.data)
    .data                                    0x200000b0   Section        4  cpuport.o(.data)
    .data                                    0x200000b4   Section        4  cpuport.o(.data)
    .data                                    0x200000b8   Section        4  stdout.o(.data)
    .bss                                     0x200000bc   Section       48  adc.o(.bss)
    .bss                                     0x200000ec   Section      288  tim.o(.bss)
    .bss                                     0x2000020c   Section      340  usart.o(.bss)
    .bss                                     0x20000360   Section       72  stm32f1xx_hal_timebase_tim.o(.bss)
    .bss                                     0x200003a8   Section      286  jy901.o(.bss)
    ucRxBuffer                               0x200003cc   Data         250  jy901.o(.bss)
    .bss                                     0x200004c8   Section       40  ms5837.o(.bss)
    .bss                                     0x200004f0   Section     1144  components.o(.bss)
    main_stack                               0x200004f0   Data        1024  components.o(.bss)
    .bss                                     0x20000968   Section      248  idle.o(.bss)
    idle                                     0x20000968   Data         120  idle.o(.bss)
    rt_thread_stack                          0x200009e0   Data         128  idle.o(.bss)
    .bss                                     0x20000a60   Section      128  kservice.o(.bss)
    rt_log_buf                               0x20000a60   Data         128  kservice.o(.bss)
    .bss                                     0x20000ae0   Section      256  scheduler.o(.bss)
    .bss                                     0x20000be0   Section       68  board.o(.bss)
    UartHandle                               0x20000be0   Data          68  board.o(.bss)
    STACK                                    0x20000c28   Section     1024  startup_stm32f103xe.o(STACK)

    Global Symbols

    Symbol Name                              Value     Ov Type        Size  Object(Section)

    BuildAttributes$$THM_ISAv4$P$D$K$B$S$PE$A:L22UL41UL21$X:L11$S22US41US21$IEEE1$IW$USESV6$~STKCKD$USESV7$~SHL$OTIME$ROPI$EBA8$MICROLIB$REQ8$PRES8$EABIv2 0x00000000   Number         0  anon$$obj.o ABSOLUTE
    __ARM_use_no_argv                        0x00000000   Number         0  main.o ABSOLUTE
    _printf_a                                0x00000000   Number         0  stubs.o ABSOLUTE
    _printf_c                                0x00000000   Number         0  stubs.o ABSOLUTE
    _printf_charcount                        0x00000000   Number         0  stubs.o ABSOLUTE
    _printf_d                                0x00000000   Number         0  stubs.o ABSOLUTE
    _printf_e                                0x00000000   Number         0  stubs.o ABSOLUTE
    _printf_f                                0x00000000   Number         0  stubs.o ABSOLUTE
    _printf_flags                            0x00000000   Number         0  stubs.o ABSOLUTE
    _printf_fp_dec                           0x00000000   Number         0  stubs.o ABSOLUTE
    _printf_fp_hex                           0x00000000   Number         0  stubs.o ABSOLUTE
    _printf_g                                0x00000000   Number         0  stubs.o ABSOLUTE
    _printf_i                                0x00000000   Number         0  stubs.o ABSOLUTE
    _printf_int_dec                          0x00000000   Number         0  stubs.o ABSOLUTE
    _printf_l                                0x00000000   Number         0  stubs.o ABSOLUTE
    _printf_lc                               0x00000000   Number         0  stubs.o ABSOLUTE
    _printf_ll                               0x00000000   Number         0  stubs.o ABSOLUTE
    _printf_lld                              0x00000000   Number         0  stubs.o ABSOLUTE
    _printf_lli                              0x00000000   Number         0  stubs.o ABSOLUTE
    _printf_llo                              0x00000000   Number         0  stubs.o ABSOLUTE
    _printf_llu                              0x00000000   Number         0  stubs.o ABSOLUTE
    _printf_llx                              0x00000000   Number         0  stubs.o ABSOLUTE
    _printf_longlong_dec                     0x00000000   Number         0  stubs.o ABSOLUTE
    _printf_longlong_hex                     0x00000000   Number         0  stubs.o ABSOLUTE
    _printf_longlong_oct                     0x00000000   Number         0  stubs.o ABSOLUTE
    _printf_ls                               0x00000000   Number         0  stubs.o ABSOLUTE
    _printf_mbtowc                           0x00000000   Number         0  stubs.o ABSOLUTE
    _printf_n                                0x00000000   Number         0  stubs.o ABSOLUTE
    _printf_o                                0x00000000   Number         0  stubs.o ABSOLUTE
    _printf_p                                0x00000000   Number         0  stubs.o ABSOLUTE
    _printf_percent                          0x00000000   Number         0  stubs.o ABSOLUTE
    _printf_pre_padding                      0x00000000   Number         0  stubs.o ABSOLUTE
    _printf_return_value                     0x00000000   Number         0  stubs.o ABSOLUTE
    _printf_s                                0x00000000   Number         0  stubs.o ABSOLUTE
    _printf_sizespec                         0x00000000   Number         0  stubs.o ABSOLUTE
    _printf_str                              0x00000000   Number         0  stubs.o ABSOLUTE
    _printf_truncate_signed                  0x00000000   Number         0  stubs.o ABSOLUTE
    _printf_truncate_unsigned                0x00000000   Number         0  stubs.o ABSOLUTE
    _printf_u                                0x00000000   Number         0  stubs.o ABSOLUTE
    _printf_wc                               0x00000000   Number         0  stubs.o ABSOLUTE
    _printf_wctomb                           0x00000000   Number         0  stubs.o ABSOLUTE
    _printf_widthprec                        0x00000000   Number         0  stubs.o ABSOLUTE
    _printf_x                                0x00000000   Number         0  stubs.o ABSOLUTE
    __cpp_initialize__aeabi_                  - Undefined Weak Reference
    __cxa_finalize                            - Undefined Weak Reference
    __decompress                              - Undefined Weak Reference
    _clock_init                               - Undefined Weak Reference
    _microlib_exit                            - Undefined Weak Reference
    __Vectors_Size                           0x00000130   Number         0  startup_stm32f103xe.o ABSOLUTE
    __Vectors                                0x08000000   Data           4  startup_stm32f103xe.o(RESET)
    __Vectors_End                            0x08000130   Data           0  startup_stm32f103xe.o(RESET)
    __main                                   0x08000131   Thumb Code     0  entry.o(.ARM.Collect$$$$00000000)
    _main_stk                                0x08000131   Thumb Code     0  entry2.o(.ARM.Collect$$$$00000001)
    _main_scatterload                        0x08000135   Thumb Code     0  entry5.o(.ARM.Collect$$$$00000004)
    __main_after_scatterload                 0x08000139   Thumb Code     0  entry5.o(.ARM.Collect$$$$00000004)
    _main_clock                              0x08000139   Thumb Code     0  entry7b.o(.ARM.Collect$$$$00000008)
    _main_cpp_init                           0x08000139   Thumb Code     0  entry8b.o(.ARM.Collect$$$$0000000A)
    _main_init                               0x08000139   Thumb Code     0  entry9a.o(.ARM.Collect$$$$0000000B)
    __rt_final_cpp                           0x08000141   Thumb Code     0  entry10a.o(.ARM.Collect$$$$0000000D)
    __rt_final_exit                          0x08000141   Thumb Code     0  entry11a.o(.ARM.Collect$$$$0000000F)
    Reset_Handler                            0x08000145   Thumb Code     8  startup_stm32f103xe.o(.text)
    SVC_Handler                              0x08000157   Thumb Code     2  startup_stm32f103xe.o(.text)
    ADC1_2_IRQHandler                        0x0800015f   Thumb Code     0  startup_stm32f103xe.o(.text)
    ADC3_IRQHandler                          0x0800015f   Thumb Code     0  startup_stm32f103xe.o(.text)
    CAN1_RX1_IRQHandler                      0x0800015f   Thumb Code     0  startup_stm32f103xe.o(.text)
    CAN1_SCE_IRQHandler                      0x0800015f   Thumb Code     0  startup_stm32f103xe.o(.text)
    DMA1_Channel1_IRQHandler                 0x0800015f   Thumb Code     0  startup_stm32f103xe.o(.text)
    DMA1_Channel2_IRQHandler                 0x0800015f   Thumb Code     0  startup_stm32f103xe.o(.text)
    DMA1_Channel3_IRQHandler                 0x0800015f   Thumb Code     0  startup_stm32f103xe.o(.text)
    DMA1_Channel4_IRQHandler                 0x0800015f   Thumb Code     0  startup_stm32f103xe.o(.text)
    DMA1_Channel5_IRQHandler                 0x0800015f   Thumb Code     0  startup_stm32f103xe.o(.text)
    DMA1_Channel6_IRQHandler                 0x0800015f   Thumb Code     0  startup_stm32f103xe.o(.text)
    DMA1_Channel7_IRQHandler                 0x0800015f   Thumb Code     0  startup_stm32f103xe.o(.text)
    DMA2_Channel1_IRQHandler                 0x0800015f   Thumb Code     0  startup_stm32f103xe.o(.text)
    DMA2_Channel2_IRQHandler                 0x0800015f   Thumb Code     0  startup_stm32f103xe.o(.text)
    DMA2_Channel3_IRQHandler                 0x0800015f   Thumb Code     0  startup_stm32f103xe.o(.text)
    DMA2_Channel4_5_IRQHandler               0x0800015f   Thumb Code     0  startup_stm32f103xe.o(.text)
    EXTI0_IRQHandler                         0x0800015f   Thumb Code     0  startup_stm32f103xe.o(.text)
    EXTI15_10_IRQHandler                     0x0800015f   Thumb Code     0  startup_stm32f103xe.o(.text)
    EXTI1_IRQHandler                         0x0800015f   Thumb Code     0  startup_stm32f103xe.o(.text)
    EXTI2_IRQHandler                         0x0800015f   Thumb Code     0  startup_stm32f103xe.o(.text)
    EXTI3_IRQHandler                         0x0800015f   Thumb Code     0  startup_stm32f103xe.o(.text)
    EXTI4_IRQHandler                         0x0800015f   Thumb Code     0  startup_stm32f103xe.o(.text)
    EXTI9_5_IRQHandler                       0x0800015f   Thumb Code     0  startup_stm32f103xe.o(.text)
    FLASH_IRQHandler                         0x0800015f   Thumb Code     0  startup_stm32f103xe.o(.text)
    FSMC_IRQHandler                          0x0800015f   Thumb Code     0  startup_stm32f103xe.o(.text)
    I2C1_ER_IRQHandler                       0x0800015f   Thumb Code     0  startup_stm32f103xe.o(.text)
    I2C1_EV_IRQHandler                       0x0800015f   Thumb Code     0  startup_stm32f103xe.o(.text)
    I2C2_ER_IRQHandler                       0x0800015f   Thumb Code     0  startup_stm32f103xe.o(.text)
    I2C2_EV_IRQHandler                       0x0800015f   Thumb Code     0  startup_stm32f103xe.o(.text)
    PVD_IRQHandler                           0x0800015f   Thumb Code     0  startup_stm32f103xe.o(.text)
    RCC_IRQHandler                           0x0800015f   Thumb Code     0  startup_stm32f103xe.o(.text)
    RTC_Alarm_IRQHandler                     0x0800015f   Thumb Code     0  startup_stm32f103xe.o(.text)
    RTC_IRQHandler                           0x0800015f   Thumb Code     0  startup_stm32f103xe.o(.text)
    SDIO_IRQHandler                          0x0800015f   Thumb Code     0  startup_stm32f103xe.o(.text)
    SPI1_IRQHandler                          0x0800015f   Thumb Code     0  startup_stm32f103xe.o(.text)
    SPI2_IRQHandler                          0x0800015f   Thumb Code     0  startup_stm32f103xe.o(.text)
    SPI3_IRQHandler                          0x0800015f   Thumb Code     0  startup_stm32f103xe.o(.text)
    TAMPER_IRQHandler                        0x0800015f   Thumb Code     0  startup_stm32f103xe.o(.text)
    TIM1_BRK_IRQHandler                      0x0800015f   Thumb Code     0  startup_stm32f103xe.o(.text)
    TIM1_CC_IRQHandler                       0x0800015f   Thumb Code     0  startup_stm32f103xe.o(.text)
    TIM1_TRG_COM_IRQHandler                  0x0800015f   Thumb Code     0  startup_stm32f103xe.o(.text)
    TIM1_UP_IRQHandler                       0x0800015f   Thumb Code     0  startup_stm32f103xe.o(.text)
    TIM3_IRQHandler                          0x0800015f   Thumb Code     0  startup_stm32f103xe.o(.text)
    TIM4_IRQHandler                          0x0800015f   Thumb Code     0  startup_stm32f103xe.o(.text)
    TIM5_IRQHandler                          0x0800015f   Thumb Code     0  startup_stm32f103xe.o(.text)
    TIM6_IRQHandler                          0x0800015f   Thumb Code     0  startup_stm32f103xe.o(.text)
    TIM7_IRQHandler                          0x0800015f   Thumb Code     0  startup_stm32f103xe.o(.text)
    TIM8_BRK_IRQHandler                      0x0800015f   Thumb Code     0  startup_stm32f103xe.o(.text)
    TIM8_CC_IRQHandler                       0x0800015f   Thumb Code     0  startup_stm32f103xe.o(.text)
    TIM8_TRG_COM_IRQHandler                  0x0800015f   Thumb Code     0  startup_stm32f103xe.o(.text)
    TIM8_UP_IRQHandler                       0x0800015f   Thumb Code     0  startup_stm32f103xe.o(.text)
    UART5_IRQHandler                         0x0800015f   Thumb Code     0  startup_stm32f103xe.o(.text)
    USART1_IRQHandler                        0x0800015f   Thumb Code     0  startup_stm32f103xe.o(.text)
    USART2_IRQHandler                        0x0800015f   Thumb Code     0  startup_stm32f103xe.o(.text)
    USART3_IRQHandler                        0x0800015f   Thumb Code     0  startup_stm32f103xe.o(.text)
    USBWakeUp_IRQHandler                     0x0800015f   Thumb Code     0  startup_stm32f103xe.o(.text)
    USB_HP_CAN1_TX_IRQHandler                0x0800015f   Thumb Code     0  startup_stm32f103xe.o(.text)
    USB_LP_CAN1_RX0_IRQHandler               0x0800015f   Thumb Code     0  startup_stm32f103xe.o(.text)
    WWDG_IRQHandler                          0x0800015f   Thumb Code     0  startup_stm32f103xe.o(.text)
    rt_hw_interrupt_disable                  0x08000169   Thumb Code     8  context_rvds.o(.text)
    rt_hw_interrupt_enable                   0x08000171   Thumb Code     6  context_rvds.o(.text)
    rt_hw_context_switch                     0x08000177   Thumb Code    32  context_rvds.o(.text)
    rt_hw_context_switch_interrupt           0x08000177   Thumb Code     0  context_rvds.o(.text)
    PendSV_Handler                           0x08000197   Thumb Code    60  context_rvds.o(.text)
    rt_hw_context_switch_to                  0x080001d3   Thumb Code    56  context_rvds.o(.text)
    rt_hw_interrupt_thread_switch            0x0800020b   Thumb Code     2  context_rvds.o(.text)
    HardFault_Handler                        0x0800020d   Thumb Code    52  context_rvds.o(.text)
    __aeabi_ldivmod                          0x0800025d   Thumb Code    98  ldiv.o(.text)
    __aeabi_llsr                             0x080002bf   Thumb Code    32  llushr.o(.text)
    _ll_ushift_r                             0x080002bf   Thumb Code     0  llushr.o(.text)
    __aeabi_memset                           0x080002df   Thumb Code    14  memseta.o(.text)
    __aeabi_memset4                          0x080002df   Thumb Code     0  memseta.o(.text)
    __aeabi_memset8                          0x080002df   Thumb Code     0  memseta.o(.text)
    __aeabi_memclr                           0x080002ed   Thumb Code     4  memseta.o(.text)
    __aeabi_memclr4                          0x080002ed   Thumb Code     0  memseta.o(.text)
    __aeabi_memclr8                          0x080002ed   Thumb Code     0  memseta.o(.text)
    _memset$wrapper                          0x080002f1   Thumb Code    18  memseta.o(.text)
    __aeabi_fadd                             0x08000303   Thumb Code   164  fadd.o(.text)
    __aeabi_fsub                             0x080003a7   Thumb Code     6  fadd.o(.text)
    __aeabi_frsub                            0x080003ad   Thumb Code     6  fadd.o(.text)
    __aeabi_fmul                             0x080003b3   Thumb Code   100  fmul.o(.text)
    __aeabi_fdiv                             0x08000417   Thumb Code   124  fdiv.o(.text)
    __ARM_scalbnf                            0x08000493   Thumb Code    24  fscalb.o(.text)
    scalbnf                                  0x08000493   Thumb Code     0  fscalb.o(.text)
    __aeabi_ddiv                             0x080004ab   Thumb Code   222  ddiv.o(.text)
    __aeabi_i2f                              0x08000589   Thumb Code    18  fflti.o(.text)
    __aeabi_f2d                              0x0800059b   Thumb Code    38  f2d.o(.text)
    __aeabi_d2f                              0x080005c1   Thumb Code    56  d2f.o(.text)
    __aeabi_uidiv                            0x080005f9   Thumb Code     0  uidiv.o(.text)
    __aeabi_uidivmod                         0x080005f9   Thumb Code    44  uidiv.o(.text)
    __aeabi_uldivmod                         0x08000625   Thumb Code    98  uldiv.o(.text)
    __I$use$fp                               0x08000687   Thumb Code     0  iusefp.o(.text)
    _float_round                             0x08000687   Thumb Code    18  fepilogue.o(.text)
    _float_epilogue                          0x08000699   Thumb Code    92  fepilogue.o(.text)
    _double_round                            0x080006f5   Thumb Code    30  depilogue.o(.text)
    _double_epilogue                         0x08000713   Thumb Code   156  depilogue.o(.text)
    __aeabi_dadd                             0x080007af   Thumb Code   322  dadd.o(.text)
    __aeabi_dsub                             0x080008f1   Thumb Code     6  dadd.o(.text)
    __aeabi_drsub                            0x080008f7   Thumb Code     6  dadd.o(.text)
    __aeabi_dmul                             0x080008fd   Thumb Code   228  dmul.o(.text)
    __aeabi_d2ulz                            0x080009e1   Thumb Code    48  dfixul.o(.text)
    __aeabi_cdrcmple                         0x08000a11   Thumb Code    48  cdrcmple.o(.text)
    __scatterload                            0x08000a41   Thumb Code    28  init.o(.text)
    __scatterload_rt2                        0x08000a41   Thumb Code     0  init.o(.text)
    __aeabi_llsl                             0x08000a65   Thumb Code    30  llshl.o(.text)
    _ll_shift_l                              0x08000a65   Thumb Code     0  llshl.o(.text)
    __aeabi_lasr                             0x08000a83   Thumb Code    36  llsshr.o(.text)
    _ll_sshift_r                             0x08000a83   Thumb Code     0  llsshr.o(.text)
    main                                     0x08000aa7   Thumb Code    10  components.o(i.$Sub$$main)
    ADC_ConversionStop_Disable               0x08000ab1   Thumb Code    86  stm32f1xx_hal_adc.o(i.ADC_ConversionStop_Disable)
    BusFault_Handler                         0x08000b07   Thumb Code     2  stm32f1xx_it.o(i.BusFault_Handler)
    DebugMon_Handler                         0x08000b09   Thumb Code     2  stm32f1xx_it.o(i.DebugMon_Handler)
    Error_Handler                            0x08000b0b   Thumb Code     4  main.o(i.Error_Handler)
    HAL_ADC_ConfigChannel                    0x08000b11   Thumb Code   240  stm32f1xx_hal_adc.o(i.HAL_ADC_ConfigChannel)
    HAL_ADC_Init                             0x08000c0d   Thumb Code   272  stm32f1xx_hal_adc.o(i.HAL_ADC_Init)
    HAL_ADC_MspInit                          0x08000d2d   Thumb Code   104  adc.o(i.HAL_ADC_MspInit)
    HAL_DMA_Abort                            0x08000da5   Thumb Code    70  stm32f1xx_hal_dma.o(i.HAL_DMA_Abort)
    HAL_DMA_Abort_IT                         0x08000ded   Thumb Code   296  stm32f1xx_hal_dma.o(i.HAL_DMA_Abort_IT)
    HAL_GPIO_Init                            0x08000f1d   Thumb Code   462  stm32f1xx_hal_gpio.o(i.HAL_GPIO_Init)
    HAL_GPIO_WritePin                        0x08001115   Thumb Code    10  stm32f1xx_hal_gpio.o(i.HAL_GPIO_WritePin)
    HAL_GetTick                              0x08001121   Thumb Code     6  stm32f1xx_hal.o(i.HAL_GetTick)
    HAL_IncTick                              0x0800112d   Thumb Code    12  stm32f1xx_hal.o(i.HAL_IncTick)
    HAL_Init                                 0x0800113d   Thumb Code    32  stm32f1xx_hal.o(i.HAL_Init)
    HAL_InitTick                             0x08001161   Thumb Code   102  stm32f1xx_hal_timebase_tim.o(i.HAL_InitTick)
    HAL_MspInit                              0x080011d5   Thumb Code    52  stm32f1xx_hal_msp.o(i.HAL_MspInit)
    HAL_NVIC_EnableIRQ                       0x08001211   Thumb Code    26  stm32f1xx_hal_cortex.o(i.HAL_NVIC_EnableIRQ)
    HAL_NVIC_SetPriority                     0x0800122d   Thumb Code    60  stm32f1xx_hal_cortex.o(i.HAL_NVIC_SetPriority)
    HAL_NVIC_SetPriorityGrouping             0x0800126d   Thumb Code    26  stm32f1xx_hal_cortex.o(i.HAL_NVIC_SetPriorityGrouping)
    HAL_RCCEx_PeriphCLKConfig                0x08001291   Thumb Code   224  stm32f1xx_hal_rcc_ex.o(i.HAL_RCCEx_PeriphCLKConfig)
    HAL_RCC_ClockConfig                      0x0800137d   Thumb Code   280  stm32f1xx_hal_rcc.o(i.HAL_RCC_ClockConfig)
    HAL_RCC_GetClockConfig                   0x080014a9   Thumb Code    54  stm32f1xx_hal_rcc.o(i.HAL_RCC_GetClockConfig)
    HAL_RCC_GetHCLKFreq                      0x080014e9   Thumb Code     6  stm32f1xx_hal_rcc.o(i.HAL_RCC_GetHCLKFreq)
    HAL_RCC_GetPCLK1Freq                     0x080014f5   Thumb Code    20  stm32f1xx_hal_rcc.o(i.HAL_RCC_GetPCLK1Freq)
    HAL_RCC_GetPCLK2Freq                     0x08001515   Thumb Code    20  stm32f1xx_hal_rcc.o(i.HAL_RCC_GetPCLK2Freq)
    HAL_RCC_GetSysClockFreq                  0x08001535   Thumb Code    74  stm32f1xx_hal_rcc.o(i.HAL_RCC_GetSysClockFreq)
    HAL_RCC_OscConfig                        0x080015a1   Thumb Code   778  stm32f1xx_hal_rcc.o(i.HAL_RCC_OscConfig)
    HAL_SYSTICK_Config                       0x080018c1   Thumb Code    40  stm32f1xx_hal_cortex.o(i.HAL_SYSTICK_Config)
    HAL_TIMEx_BreakCallback                  0x080018e9   Thumb Code     2  stm32f1xx_hal_tim_ex.o(i.HAL_TIMEx_BreakCallback)
    HAL_TIMEx_CommutCallback                 0x080018eb   Thumb Code     2  stm32f1xx_hal_tim_ex.o(i.HAL_TIMEx_CommutCallback)
    HAL_TIMEx_ConfigBreakDeadTime            0x080018ed   Thumb Code    84  stm32f1xx_hal_tim_ex.o(i.HAL_TIMEx_ConfigBreakDeadTime)
    HAL_TIMEx_MasterConfigSynchronization    0x08001941   Thumb Code   104  stm32f1xx_hal_tim_ex.o(i.HAL_TIMEx_MasterConfigSynchronization)
    HAL_TIM_Base_Init                        0x080019bd   Thumb Code    90  stm32f1xx_hal_tim.o(i.HAL_TIM_Base_Init)
    HAL_TIM_Base_MspInit                     0x08001a19   Thumb Code    96  tim.o(i.HAL_TIM_Base_MspInit)
    HAL_TIM_Base_Start_IT                    0x08001a8d   Thumb Code    88  stm32f1xx_hal_tim.o(i.HAL_TIM_Base_Start_IT)
    HAL_TIM_ConfigClockSource                0x08001af9   Thumb Code   214  stm32f1xx_hal_tim.o(i.HAL_TIM_ConfigClockSource)
    HAL_TIM_IC_CaptureCallback               0x08001bcf   Thumb Code     2  stm32f1xx_hal_tim.o(i.HAL_TIM_IC_CaptureCallback)
    HAL_TIM_IRQHandler                       0x08001bd1   Thumb Code   358  stm32f1xx_hal_tim.o(i.HAL_TIM_IRQHandler)
    HAL_TIM_MspPostInit                      0x08001d39   Thumb Code   228  tim.o(i.HAL_TIM_MspPostInit)
    HAL_TIM_OC_DelayElapsedCallback          0x08001e45   Thumb Code     2  stm32f1xx_hal_tim.o(i.HAL_TIM_OC_DelayElapsedCallback)
    HAL_TIM_PWM_ConfigChannel                0x08001e47   Thumb Code   198  stm32f1xx_hal_tim.o(i.HAL_TIM_PWM_ConfigChannel)
    HAL_TIM_PWM_Init                         0x08001f0d   Thumb Code    90  stm32f1xx_hal_tim.o(i.HAL_TIM_PWM_Init)
    HAL_TIM_PWM_MspInit                      0x08001f67   Thumb Code     2  stm32f1xx_hal_tim.o(i.HAL_TIM_PWM_MspInit)
    HAL_TIM_PWM_PulseFinishedCallback        0x08001f69   Thumb Code     2  stm32f1xx_hal_tim.o(i.HAL_TIM_PWM_PulseFinishedCallback)
    HAL_TIM_PWM_Start                        0x08001f6d   Thumb Code   160  stm32f1xx_hal_tim.o(i.HAL_TIM_PWM_Start)
    HAL_TIM_PeriodElapsedCallback            0x08002021   Thumb Code    14  main.o(i.HAL_TIM_PeriodElapsedCallback)
    HAL_TIM_TriggerCallback                  0x0800202f   Thumb Code     2  stm32f1xx_hal_tim.o(i.HAL_TIM_TriggerCallback)
    HAL_UARTEx_RxEventCallback               0x08002031   Thumb Code     2  stm32f1xx_hal_uart.o(i.HAL_UARTEx_RxEventCallback)
    HAL_UART_ErrorCallback                   0x08002033   Thumb Code     2  stm32f1xx_hal_uart.o(i.HAL_UART_ErrorCallback)
    HAL_UART_IRQHandler                      0x08002035   Thumb Code   520  stm32f1xx_hal_uart.o(i.HAL_UART_IRQHandler)
    HAL_UART_Init                            0x08002241   Thumb Code    98  stm32f1xx_hal_uart.o(i.HAL_UART_Init)
    HAL_UART_MspInit                         0x080022a5   Thumb Code   402  usart.o(i.HAL_UART_MspInit)
    HAL_UART_Receive_IT                      0x08002461   Thumb Code    42  stm32f1xx_hal_uart.o(i.HAL_UART_Receive_IT)
    HAL_UART_RxCpltCallback                  0x0800248d   Thumb Code    34  main.o(i.HAL_UART_RxCpltCallback)
    HAL_UART_Transmit                        0x080024bd   Thumb Code   178  stm32f1xx_hal_uart.o(i.HAL_UART_Transmit)
    HAL_UART_TxCpltCallback                  0x0800256f   Thumb Code     2  stm32f1xx_hal_uart.o(i.HAL_UART_TxCpltCallback)
    I2C_Ack                                  0x08002571   Thumb Code    36  i2c.o(i.I2C_Ack)
    I2C_NoAck                                0x08002595   Thumb Code    36  i2c.o(i.I2C_NoAck)
    I2C_ReadBuffer                           0x080025b9   Thumb Code   270  i2c.o(i.I2C_ReadBuffer)
    I2C_ReadByte                             0x080026c7   Thumb Code    54  i2c.o(i.I2C_ReadByte)
    I2C_Simu_Port_Init                       0x080026fd   Thumb Code    16  i2c.o(i.I2C_Simu_Port_Init)
    I2C_Single_Write                         0x08002711   Thumb Code   190  i2c.o(i.I2C_Single_Write)
    I2C_Start                                0x080027cf   Thumb Code    54  i2c.o(i.I2C_Start)
    I2C_Stop                                 0x08002805   Thumb Code    36  i2c.o(i.I2C_Stop)
    I2C_WaitAck                              0x08002829   Thumb Code    50  i2c.o(i.I2C_WaitAck)
    I2C_WriteByte                            0x0800285d   Thumb Code    54  i2c.o(i.I2C_WriteByte)
    I2C_delay                                0x08002893   Thumb Code    12  i2c.o(i.I2C_delay)
    I2C_delay_ms                             0x0800289f   Thumb Code    24  i2c.o(i.I2C_delay_ms)
    JY901_DataReceive                        0x080028b9   Thumb Code   324  jy901.o(i.JY901_DataReceive)
    MS5837_Init                              0x08002c95   Thumb Code   344  ms5837.o(i.MS5837_Init)
    MS5837_Read                              0x08002df5   Thumb Code    40  ms5837.o(i.MS5837_Read)
    MS5837_depth                             0x08002e25   Thumb Code    34  ms5837.o(i.MS5837_depth)
    MS5837_pressure                          0x08002e59   Thumb Code    28  ms5837.o(i.MS5837_pressure)
    MS5837_temperature                       0x08002e7d   Thumb Code    20  ms5837.o(i.MS5837_temperature)
    MX_ADC1_Init                             0x08002e99   Thumb Code    68  adc.o(i.MX_ADC1_Init)
    MX_GPIO_Init                             0x08002ee5   Thumb Code   292  gpio.o(i.MX_GPIO_Init)
    MX_TIM1_Init                             0x0800301d   Thumb Code   246  tim.o(i.MX_TIM1_Init)
    MX_TIM3_Init                             0x0800311d   Thumb Code   198  tim.o(i.MX_TIM3_Init)
    MX_TIM4_Init                             0x080031ed   Thumb Code   200  tim.o(i.MX_TIM4_Init)
    MX_TIM8_Init                             0x080032bd   Thumb Code   246  tim.o(i.MX_TIM8_Init)
    MX_UART4_Init                            0x080033bd   Thumb Code    48  usart.o(i.MX_UART4_Init)
    MX_UART5_Init                            0x080033f5   Thumb Code    48  usart.o(i.MX_UART5_Init)
    MX_USART1_UART_Init                      0x0800342d   Thumb Code    48  usart.o(i.MX_USART1_UART_Init)
    MX_USART2_UART_Init                      0x08003465   Thumb Code    48  usart.o(i.MX_USART2_UART_Init)
    MX_USART3_UART_Init                      0x0800349d   Thumb Code    48  usart.o(i.MX_USART3_UART_Init)
    MemManage_Handler                        0x080034d5   Thumb Code     2  stm32f1xx_it.o(i.MemManage_Handler)
    NMI_Handler                              0x080034d7   Thumb Code     2  stm32f1xx_it.o(i.NMI_Handler)
    SysTick_Handler                          0x080034d9   Thumb Code    18  board.o(i.SysTick_Handler)
    SystemClock_Config                       0x080034eb   Thumb Code   122  main.o(i.SystemClock_Config)
    SystemCoreClockUpdate                    0x08003565   Thumb Code    82  system_stm32f1xx.o(i.SystemCoreClockUpdate)
    SystemInit                               0x080035cd   Thumb Code     2  system_stm32f1xx.o(i.SystemInit)
    TIM2_IRQHandler                          0x080035d1   Thumb Code     6  stm32f1xx_it.o(i.TIM2_IRQHandler)
    TIM_Base_SetConfig                       0x080035dd   Thumb Code   120  stm32f1xx_hal_tim.o(i.TIM_Base_SetConfig)
    TIM_CCxChannelCmd                        0x08003669   Thumb Code    26  stm32f1xx_hal_tim.o(i.TIM_CCxChannelCmd)
    TIM_ETR_SetConfig                        0x08003683   Thumb Code    20  stm32f1xx_hal_tim.o(i.TIM_ETR_SetConfig)
    TIM_OC2_SetConfig                        0x08003709   Thumb Code    98  stm32f1xx_hal_tim.o(i.TIM_OC2_SetConfig)
    UART4_IRQHandler                         0x08003875   Thumb Code     6  stm32f1xx_it.o(i.UART4_IRQHandler)
    UART_Start_Receive_IT                    0x08003a31   Thumb Code    54  stm32f1xx_hal_uart.o(i.UART_Start_Receive_IT)
    UsageFault_Handler                       0x08003acb   Thumb Code     2  stm32f1xx_it.o(i.UsageFault_Handler)
    __0printf                                0x08003acd   Thumb Code    22  printfa.o(i.__0printf)
    __1printf                                0x08003acd   Thumb Code     0  printfa.o(i.__0printf)
    __2printf                                0x08003acd   Thumb Code     0  printfa.o(i.__0printf)
    __c89printf                              0x08003acd   Thumb Code     0  printfa.o(i.__0printf)
    printf                                   0x08003acd   Thumb Code     0  printfa.o(i.__0printf)
    __rt_ffs                                 0x08003b0d   Thumb Code    66  kservice.o(i.__rt_ffs)
    __scatterload_copy                       0x08003b55   Thumb Code    14  handlers.o(i.__scatterload_copy)
    __scatterload_null                       0x08003b63   Thumb Code     2  handlers.o(i.__scatterload_null)
    __scatterload_zeroinit                   0x08003b65   Thumb Code    14  handlers.o(i.__scatterload_zeroinit)
    fputc                                    0x080044e9   Thumb Code    20  main.o(i.fputc)
    $Super$$main                             0x08004501   Thumb Code   314  main.o(i.main)
    main_thread_entry                        0x080046a5   Thumb Code    14  components.o(i.main_thread_entry)
    rt_application_init                      0x08004825   Thumb Code    52  components.o(i.rt_application_init)
    rt_components_board_init                 0x08004869   Thumb Code    22  components.o(i.rt_components_board_init)
    rt_components_init                       0x08004889   Thumb Code    22  components.o(i.rt_components_init)
    rt_enter_critical                        0x080048a9   Thumb Code    22  scheduler.o(i.rt_enter_critical)
    rt_exit_critical                         0x080048c5   Thumb Code    52  scheduler.o(i.rt_exit_critical)
    rt_hw_board_init                         0x080048fd   Thumb Code    38  board.o(i.rt_hw_board_init)
    rt_hw_console_output                     0x08004925   Thumb Code    68  board.o(i.rt_hw_console_output)
    rt_hw_hard_fault_exception               0x0800496d   Thumb Code   182  cpuport.o(i.rt_hw_hard_fault_exception)
    rt_hw_stack_init                         0x08004b65   Thumb Code    60  cpuport.o(i.rt_hw_stack_init)
    rt_interrupt_enter                       0x08004ba5   Thumb Code    22  irq.o(i.rt_interrupt_enter)
    rt_interrupt_leave                       0x08004bc1   Thumb Code    22  irq.o(i.rt_interrupt_leave)
    rt_kprintf                               0x08004bdd   Thumb Code    30  kservice.o(i.rt_kprintf)
    rt_memset                                0x08004c01   Thumb Code    86  kservice.o(i.rt_memset)
    rt_object_detach                         0x08004c57   Thumb Code    44  object.o(i.rt_object_detach)
    rt_object_get_information                0x08004c85   Thumb Code    30  object.o(i.rt_object_get_information)
    rt_object_init                           0x08004ca9   Thumb Code    90  object.o(i.rt_object_init)
    rt_object_is_systemobject                0x08004d03   Thumb Code    16  object.o(i.rt_object_is_systemobject)
    rt_schedule                              0x08004d15   Thumb Code    88  scheduler.o(i.rt_schedule)
    rt_schedule_insert_thread                0x08004d79   Thumb Code    72  scheduler.o(i.rt_schedule_insert_thread)
    rt_schedule_remove_thread                0x08004dc9   Thumb Code    76  scheduler.o(i.rt_schedule_remove_thread)
    rt_show_version                          0x08004e1d   Thumb Code    40  kservice.o(i.rt_show_version)
    rt_strlen                                0x08004ecd   Thumb Code    16  kservice.o(i.rt_strlen)
    rt_strncpy                               0x08004edd   Thumb Code    42  kservice.o(i.rt_strncpy)
    rt_system_scheduler_init                 0x08004f09   Thumb Code    48  scheduler.o(i.rt_system_scheduler_init)
    rt_system_scheduler_start                0x08004f45   Thumb Code    32  scheduler.o(i.rt_system_scheduler_start)
    rt_system_timer_init                     0x08004f6d   Thumb Code    20  timer.o(i.rt_system_timer_init)
    rt_system_timer_thread_init              0x08004f85   Thumb Code     2  timer.o(i.rt_system_timer_thread_init)
    rt_thread_exit                           0x08004f89   Thumb Code    88  thread.o(i.rt_thread_exit)
    rt_thread_idle_excute                    0x08004fef   Thumb Code     2  idle.o(i.rt_thread_idle_excute)
    rt_thread_idle_init                      0x08004ff1   Thumb Code    44  idle.o(i.rt_thread_idle_init)
    rt_thread_init                           0x08005031   Thumb Code    50  thread.o(i.rt_thread_init)
    rt_thread_mdelay                         0x08005063   Thumb Code    14  thread.o(i.rt_thread_mdelay)
    rt_thread_resume                         0x08005071   Thumb Code    72  thread.o(i.rt_thread_resume)
    rt_thread_self                           0x080050b9   Thumb Code     6  thread.o(i.rt_thread_self)
    rt_thread_sleep                          0x080050c5   Thumb Code    64  thread.o(i.rt_thread_sleep)
    rt_thread_startup                        0x08005109   Thumb Code    42  thread.o(i.rt_thread_startup)
    rt_thread_suspend                        0x08005133   Thumb Code    68  thread.o(i.rt_thread_suspend)
    rt_thread_timeout                        0x08005177   Thumb Code    40  thread.o(i.rt_thread_timeout)
    rt_thread_yield                          0x080051a1   Thumb Code    98  thread.o(i.rt_thread_yield)
    rt_tick_from_millisecond                 0x0800520d   Thumb Code    50  clock.o(i.rt_tick_from_millisecond)
    rt_tick_get                              0x08005241   Thumb Code     6  clock.o(i.rt_tick_get)
    rt_tick_increase                         0x0800524d   Thumb Code    38  clock.o(i.rt_tick_increase)
    rt_timer_check                           0x08005279   Thumb Code   240  timer.o(i.rt_timer_check)
    rt_timer_control                         0x0800536d   Thumb Code    84  timer.o(i.rt_timer_control)
    rt_timer_detach                          0x080053c1   Thumb Code    70  timer.o(i.rt_timer_detach)
    rt_timer_init                            0x08005407   Thumb Code    42  timer.o(i.rt_timer_init)
    rt_timer_start                           0x08005431   Thumb Code   198  timer.o(i.rt_timer_start)
    rt_timer_stop                            0x08005501   Thumb Code    82  timer.o(i.rt_timer_stop)
    rt_vsnprintf                             0x08005555   Thumb Code   802  kservice.o(i.rt_vsnprintf)
    rtthread_startup                         0x08005891   Thumb Code    42  components.o(i.rtthread_startup)
    AHBPrescTable                            0x080058f0   Data          16  system_stm32f1xx.o(.constdata)
    APBPrescTable                            0x08005900   Data           8  system_stm32f1xx.o(.constdata)
    __lowest_bit_bitmap                      0x08005908   Data         256  kservice.o(.constdata)
    __rt_init_rti_start                      0x08005a2c   Data           4  components.o(.rti_fn.0)
    __rt_init_rti_board_start                0x08005a30   Data           4  components.o(.rti_fn.0.end)
    __rt_init_uart_init                      0x08005a34   Data           4  board.o(.rti_fn.1)
    __rt_init_rti_board_end                  0x08005a38   Data           4  components.o(.rti_fn.1.end)
    __rt_init_rti_end                        0x08005a3c   Data           4  components.o(.rti_fn.6.end)
    Region$$Table$$Base                      0x08005a40   Number         0  anon$$obj.o(Region$$Table)
    Region$$Table$$Limit                     0x08005a60   Number         0  anon$$obj.o(Region$$Table)
    res                                      0x20000000   Data           1  main.o(.data)
    uwTickFreq                               0x20000004   Data           1  stm32f1xx_hal.o(.data)
    uwTickPrio                               0x20000008   Data           4  stm32f1xx_hal.o(.data)
    uwTick                                   0x2000000c   Data           4  stm32f1xx_hal.o(.data)
    SystemCoreClock                          0x20000010   Data           4  system_stm32f1xx.o(.data)
    stcAcc                                   0x20000016   Data           8  jy901.o(.data)
    stcGyro                                  0x2000001e   Data           8  jy901.o(.data)
    stcAngle                                 0x20000026   Data           8  jy901.o(.data)
    D1                                       0x20000030   Data           4  ms5837.o(.data)
    D2                                       0x20000034   Data           4  ms5837.o(.data)
    Temp                                     0x20000038   Data           4  ms5837.o(.data)
    P                                        0x2000003c   Data           4  ms5837.o(.data)
    MS5837                                   0x20000040   Data          16  ms5837.o(.data)
    rt_interrupt_nest                        0x20000054   Data           1  irq.o(.data)
    rt_current_priority                      0x20000088   Data           1  scheduler.o(.data)
    rt_current_thread                        0x2000008c   Data           4  scheduler.o(.data)
    rt_thread_ready_priority_group           0x20000090   Data           4  scheduler.o(.data)
    rt_thread_defunct                        0x20000094   Data           8  scheduler.o(.data)
    rt_interrupt_from_thread                 0x200000ac   Data           4  cpuport.o(.data)
    rt_interrupt_to_thread                   0x200000b0   Data           4  cpuport.o(.data)
    rt_thread_switch_interrupt_flag          0x200000b4   Data           4  cpuport.o(.data)
    __stdout                                 0x200000b8   Data           4  stdout.o(.data)
    hadc1                                    0x200000bc   Data          48  adc.o(.bss)
    htim1                                    0x200000ec   Data          72  tim.o(.bss)
    htim3                                    0x20000134   Data          72  tim.o(.bss)
    htim4                                    0x2000017c   Data          72  tim.o(.bss)
    htim8                                    0x200001c4   Data          72  tim.o(.bss)
    huart4                                   0x2000020c   Data          68  usart.o(.bss)
    huart5                                   0x20000250   Data          68  usart.o(.bss)
    huart1                                   0x20000294   Data          68  usart.o(.bss)
    huart2                                   0x200002d8   Data          68  usart.o(.bss)
    huart3                                   0x2000031c   Data          68  usart.o(.bss)
    htim2                                    0x20000360   Data          72  stm32f1xx_hal_timebase_tim.o(.bss)
    JY901                                    0x200003a8   Data          36  jy901.o(.bss)
    C                                        0x200004c8   Data          16  ms5837.o(.bss)
    MS5837_I2C                               0x200004d8   Data          24  ms5837.o(.bss)
    main_thread                              0x200008f0   Data         120  components.o(.bss)
    rt_thread_priority_table                 0x20000ae0   Data         256  scheduler.o(.bss)
    __initial_sp                             0x20001028   Data           0  startup_stm32f103xe.o(STACK)



==============================================================================

Memory Map of the image

  Image Entry point : 0x08000131

  Load Region LR_IROM1 (Base: 0x08000000, Size: 0x00005b1c, Max: 0x00080000, ABSOLUTE)

    Execution Region ER_IROM1 (Exec base: 0x08000000, Load base: 0x08000000, Size: 0x00005a60, Max: 0x00080000, ABSOLUTE)

    Exec Addr    Load Addr    Size         Type   Attr      Idx    E Section Name        Object

    0x08000000   0x08000000   0x00000130   Data   RO            3    RESET               startup_stm32f103xe.o
    0x08000130   0x08000130   0x00000000   Code   RO         4411  * .ARM.Collect$$$$00000000  mc_w.l(entry.o)
    0x08000130   0x08000130   0x00000004   Code   RO         4701    .ARM.Collect$$$$00000001  mc_w.l(entry2.o)
    0x08000134   0x08000134   0x00000004   Code   RO         4704    .ARM.Collect$$$$00000004  mc_w.l(entry5.o)
    0x08000138   0x08000138   0x00000000   Code   RO         4706    .ARM.Collect$$$$00000008  mc_w.l(entry7b.o)
    0x08000138   0x08000138   0x00000000   Code   RO         4708    .ARM.Collect$$$$0000000A  mc_w.l(entry8b.o)
    0x08000138   0x08000138   0x00000008   Code   RO         4709    .ARM.Collect$$$$0000000B  mc_w.l(entry9a.o)
    0x08000140   0x08000140   0x00000000   Code   RO         4711    .ARM.Collect$$$$0000000D  mc_w.l(entry10a.o)
    0x08000140   0x08000140   0x00000000   Code   RO         4713    .ARM.Collect$$$$0000000F  mc_w.l(entry11a.o)
    0x08000140   0x08000140   0x00000004   Code   RO         4702    .ARM.Collect$$$$00002712  mc_w.l(entry2.o)
    0x08000144   0x08000144   0x00000024   Code   RO            4    .text               startup_stm32f103xe.o
    0x08000168   0x08000168   0x000000f4   Code   RO         3610    .text               context_rvds.o
    0x0800025c   0x0800025c   0x00000062   Code   RO         4414    .text               mc_w.l(ldiv.o)
    0x080002be   0x080002be   0x00000020   Code   RO         4416    .text               mc_w.l(llushr.o)
    0x080002de   0x080002de   0x00000024   Code   RO         4418    .text               mc_w.l(memseta.o)
    0x08000302   0x08000302   0x000000b0   Code   RO         4681    .text               mf_w.l(fadd.o)
    0x080003b2   0x080003b2   0x00000064   Code   RO         4683    .text               mf_w.l(fmul.o)
    0x08000416   0x08000416   0x0000007c   Code   RO         4685    .text               mf_w.l(fdiv.o)
    0x08000492   0x08000492   0x00000018   Code   RO         4687    .text               mf_w.l(fscalb.o)
    0x080004aa   0x080004aa   0x000000de   Code   RO         4689    .text               mf_w.l(ddiv.o)
    0x08000588   0x08000588   0x00000012   Code   RO         4691    .text               mf_w.l(fflti.o)
    0x0800059a   0x0800059a   0x00000026   Code   RO         4693    .text               mf_w.l(f2d.o)
    0x080005c0   0x080005c0   0x00000038   Code   RO         4695    .text               mf_w.l(d2f.o)
    0x080005f8   0x080005f8   0x0000002c   Code   RO         4716    .text               mc_w.l(uidiv.o)
    0x08000624   0x08000624   0x00000062   Code   RO         4718    .text               mc_w.l(uldiv.o)
    0x08000686   0x08000686   0x00000000   Code   RO         4720    .text               mc_w.l(iusefp.o)
    0x08000686   0x08000686   0x0000006e   Code   RO         4721    .text               mf_w.l(fepilogue.o)
    0x080006f4   0x080006f4   0x000000ba   Code   RO         4723    .text               mf_w.l(depilogue.o)
    0x080007ae   0x080007ae   0x0000014e   Code   RO         4725    .text               mf_w.l(dadd.o)
    0x080008fc   0x080008fc   0x000000e4   Code   RO         4727    .text               mf_w.l(dmul.o)
    0x080009e0   0x080009e0   0x00000030   Code   RO         4729    .text               mf_w.l(dfixul.o)
    0x08000a10   0x08000a10   0x00000030   Code   RO         4731    .text               mf_w.l(cdrcmple.o)
    0x08000a40   0x08000a40   0x00000024   Code   RO         4733    .text               mc_w.l(init.o)
    0x08000a64   0x08000a64   0x0000001e   Code   RO         4735    .text               mc_w.l(llshl.o)
    0x08000a82   0x08000a82   0x00000024   Code   RO         4737    .text               mc_w.l(llsshr.o)
    0x08000aa6   0x08000aa6   0x0000000a   Code   RO         3655    i.$Sub$$main        components.o
    0x08000ab0   0x08000ab0   0x00000056   Code   RO          627    i.ADC_ConversionStop_Disable  stm32f1xx_hal_adc.o
    0x08000b06   0x08000b06   0x00000002   Code   RO          464    i.BusFault_Handler  stm32f1xx_it.o
    0x08000b08   0x08000b08   0x00000002   Code   RO          465    i.DebugMon_Handler  stm32f1xx_it.o
    0x08000b0a   0x08000b0a   0x00000004   Code   RO           13    i.Error_Handler     main.o
    0x08000b0e   0x08000b0e   0x00000002   PAD
    0x08000b10   0x08000b10   0x000000fc   Code   RO          633    i.HAL_ADC_ConfigChannel  stm32f1xx_hal_adc.o
    0x08000c0c   0x08000c0c   0x00000120   Code   RO          642    i.HAL_ADC_Init      stm32f1xx_hal_adc.o
    0x08000d2c   0x08000d2c   0x00000078   Code   RO          291    i.HAL_ADC_MspInit   adc.o
    0x08000da4   0x08000da4   0x00000046   Code   RO         1282    i.HAL_DMA_Abort     stm32f1xx_hal_dma.o
    0x08000dea   0x08000dea   0x00000002   PAD
    0x08000dec   0x08000dec   0x00000130   Code   RO         1283    i.HAL_DMA_Abort_IT  stm32f1xx_hal_dma.o
    0x08000f1c   0x08000f1c   0x000001f8   Code   RO         1218    i.HAL_GPIO_Init     stm32f1xx_hal_gpio.o
    0x08001114   0x08001114   0x0000000a   Code   RO         1222    i.HAL_GPIO_WritePin  stm32f1xx_hal_gpio.o
    0x0800111e   0x0800111e   0x00000002   PAD
    0x08001120   0x08001120   0x0000000c   Code   RO          914    i.HAL_GetTick       stm32f1xx_hal.o
    0x0800112c   0x0800112c   0x00000010   Code   RO          920    i.HAL_IncTick       stm32f1xx_hal.o
    0x0800113c   0x0800113c   0x00000024   Code   RO          921    i.HAL_Init          stm32f1xx_hal.o
    0x08001160   0x08001160   0x00000074   Code   RO          552    i.HAL_InitTick      stm32f1xx_hal_timebase_tim.o
    0x080011d4   0x080011d4   0x0000003c   Code   RO          528    i.HAL_MspInit       stm32f1xx_hal_msp.o
    0x08001210   0x08001210   0x0000001a   Code   RO         1378    i.HAL_NVIC_EnableIRQ  stm32f1xx_hal_cortex.o
    0x0800122a   0x0800122a   0x00000002   PAD
    0x0800122c   0x0800122c   0x00000040   Code   RO         1384    i.HAL_NVIC_SetPriority  stm32f1xx_hal_cortex.o
    0x0800126c   0x0800126c   0x00000024   Code   RO         1385    i.HAL_NVIC_SetPriorityGrouping  stm32f1xx_hal_cortex.o
    0x08001290   0x08001290   0x000000ec   Code   RO         1181    i.HAL_RCCEx_PeriphCLKConfig  stm32f1xx_hal_rcc_ex.o
    0x0800137c   0x0800137c   0x0000012c   Code   RO         1078    i.HAL_RCC_ClockConfig  stm32f1xx_hal_rcc.o
    0x080014a8   0x080014a8   0x00000040   Code   RO         1082    i.HAL_RCC_GetClockConfig  stm32f1xx_hal_rcc.o
    0x080014e8   0x080014e8   0x0000000c   Code   RO         1083    i.HAL_RCC_GetHCLKFreq  stm32f1xx_hal_rcc.o
    0x080014f4   0x080014f4   0x00000020   Code   RO         1085    i.HAL_RCC_GetPCLK1Freq  stm32f1xx_hal_rcc.o
    0x08001514   0x08001514   0x00000020   Code   RO         1086    i.HAL_RCC_GetPCLK2Freq  stm32f1xx_hal_rcc.o
    0x08001534   0x08001534   0x0000006c   Code   RO         1087    i.HAL_RCC_GetSysClockFreq  stm32f1xx_hal_rcc.o
    0x080015a0   0x080015a0   0x00000320   Code   RO         1090    i.HAL_RCC_OscConfig  stm32f1xx_hal_rcc.o
    0x080018c0   0x080018c0   0x00000028   Code   RO         1389    i.HAL_SYSTICK_Config  stm32f1xx_hal_cortex.o
    0x080018e8   0x080018e8   0x00000002   Code   RO         2584    i.HAL_TIMEx_BreakCallback  stm32f1xx_hal_tim_ex.o
    0x080018ea   0x080018ea   0x00000002   Code   RO         2585    i.HAL_TIMEx_CommutCallback  stm32f1xx_hal_tim_ex.o
    0x080018ec   0x080018ec   0x00000054   Code   RO         2587    i.HAL_TIMEx_ConfigBreakDeadTime  stm32f1xx_hal_tim_ex.o
    0x08001940   0x08001940   0x0000007c   Code   RO         2603    i.HAL_TIMEx_MasterConfigSynchronization  stm32f1xx_hal_tim_ex.o
    0x080019bc   0x080019bc   0x0000005a   Code   RO         1880    i.HAL_TIM_Base_Init  stm32f1xx_hal_tim.o
    0x08001a16   0x08001a16   0x00000002   PAD
    0x08001a18   0x08001a18   0x00000074   Code   RO          333    i.HAL_TIM_Base_MspInit  tim.o
    0x08001a8c   0x08001a8c   0x0000006c   Code   RO         1885    i.HAL_TIM_Base_Start_IT  stm32f1xx_hal_tim.o
    0x08001af8   0x08001af8   0x000000d6   Code   RO         1889    i.HAL_TIM_ConfigClockSource  stm32f1xx_hal_tim.o
    0x08001bce   0x08001bce   0x00000002   Code   RO         1914    i.HAL_TIM_IC_CaptureCallback  stm32f1xx_hal_tim.o
    0x08001bd0   0x08001bd0   0x00000166   Code   RO         1928    i.HAL_TIM_IRQHandler  stm32f1xx_hal_tim.o
    0x08001d36   0x08001d36   0x00000002   PAD
    0x08001d38   0x08001d38   0x0000010c   Code   RO          334    i.HAL_TIM_MspPostInit  tim.o
    0x08001e44   0x08001e44   0x00000002   Code   RO         1931    i.HAL_TIM_OC_DelayElapsedCallback  stm32f1xx_hal_tim.o
    0x08001e46   0x08001e46   0x000000c6   Code   RO         1952    i.HAL_TIM_PWM_ConfigChannel  stm32f1xx_hal_tim.o
    0x08001f0c   0x08001f0c   0x0000005a   Code   RO         1955    i.HAL_TIM_PWM_Init  stm32f1xx_hal_tim.o
    0x08001f66   0x08001f66   0x00000002   Code   RO         1957    i.HAL_TIM_PWM_MspInit  stm32f1xx_hal_tim.o
    0x08001f68   0x08001f68   0x00000002   Code   RO         1958    i.HAL_TIM_PWM_PulseFinishedCallback  stm32f1xx_hal_tim.o
    0x08001f6a   0x08001f6a   0x00000002   PAD
    0x08001f6c   0x08001f6c   0x000000b4   Code   RO         1960    i.HAL_TIM_PWM_Start  stm32f1xx_hal_tim.o
    0x08002020   0x08002020   0x0000000e   Code   RO           14    i.HAL_TIM_PeriodElapsedCallback  main.o
    0x0800202e   0x0800202e   0x00000002   Code   RO         1971    i.HAL_TIM_TriggerCallback  stm32f1xx_hal_tim.o
    0x08002030   0x08002030   0x00000002   Code   RO         2862    i.HAL_UARTEx_RxEventCallback  stm32f1xx_hal_uart.o
    0x08002032   0x08002032   0x00000002   Code   RO         2876    i.HAL_UART_ErrorCallback  stm32f1xx_hal_uart.o
    0x08002034   0x08002034   0x0000020c   Code   RO         2879    i.HAL_UART_IRQHandler  stm32f1xx_hal_uart.o
    0x08002240   0x08002240   0x00000062   Code   RO         2880    i.HAL_UART_Init     stm32f1xx_hal_uart.o
    0x080022a2   0x080022a2   0x00000002   PAD
    0x080022a4   0x080022a4   0x000001bc   Code   RO          399    i.HAL_UART_MspInit  usart.o
    0x08002460   0x08002460   0x0000002a   Code   RO         2885    i.HAL_UART_Receive_IT  stm32f1xx_hal_uart.o
    0x0800248a   0x0800248a   0x00000002   PAD
    0x0800248c   0x0800248c   0x00000030   Code   RO           15    i.HAL_UART_RxCpltCallback  main.o
    0x080024bc   0x080024bc   0x000000b2   Code   RO         2888    i.HAL_UART_Transmit  stm32f1xx_hal_uart.o
    0x0800256e   0x0800256e   0x00000002   Code   RO         2891    i.HAL_UART_TxCpltCallback  stm32f1xx_hal_uart.o
    0x08002570   0x08002570   0x00000024   Code   RO         3386    i.I2C_Ack           i2c.o
    0x08002594   0x08002594   0x00000024   Code   RO         3388    i.I2C_NoAck         i2c.o
    0x080025b8   0x080025b8   0x0000010e   Code   RO         3389    i.I2C_ReadBuffer    i2c.o
    0x080026c6   0x080026c6   0x00000036   Code   RO         3390    i.I2C_ReadByte      i2c.o
    0x080026fc   0x080026fc   0x00000014   Code   RO         3391    i.I2C_Simu_Port_Init  i2c.o
    0x08002710   0x08002710   0x000000be   Code   RO         3393    i.I2C_Single_Write  i2c.o
    0x080027ce   0x080027ce   0x00000036   Code   RO         3394    i.I2C_Start         i2c.o
    0x08002804   0x08002804   0x00000024   Code   RO         3395    i.I2C_Stop          i2c.o
    0x08002828   0x08002828   0x00000032   Code   RO         3396    i.I2C_WaitAck       i2c.o
    0x0800285a   0x0800285a   0x00000002   PAD
    0x0800285c   0x0800285c   0x00000036   Code   RO         3398    i.I2C_WriteByte     i2c.o
    0x08002892   0x08002892   0x0000000c   Code   RO         3399    i.I2C_delay         i2c.o
    0x0800289e   0x0800289e   0x00000018   Code   RO         3400    i.I2C_delay_ms      i2c.o
    0x080028b6   0x080028b6   0x00000002   PAD
    0x080028b8   0x080028b8   0x00000154   Code   RO         3246    i.JY901_DataReceive  jy901.o
    0x08002a0c   0x08002a0c   0x000001b8   Code   RO         3295    i.MS5837_Calculate  ms5837.o
    0x08002bc4   0x08002bc4   0x000000d0   Code   RO         3296    i.MS5837_Getdata    ms5837.o
    0x08002c94   0x08002c94   0x00000160   Code   RO         3297    i.MS5837_Init       ms5837.o
    0x08002df4   0x08002df4   0x00000030   Code   RO         3298    i.MS5837_Read       ms5837.o
    0x08002e24   0x08002e24   0x00000034   Code   RO         3300    i.MS5837_depth      ms5837.o
    0x08002e58   0x08002e58   0x00000024   Code   RO         3301    i.MS5837_pressure   ms5837.o
    0x08002e7c   0x08002e7c   0x0000001c   Code   RO         3302    i.MS5837_temperature  ms5837.o
    0x08002e98   0x08002e98   0x0000004c   Code   RO          292    i.MX_ADC1_Init      adc.o
    0x08002ee4   0x08002ee4   0x00000138   Code   RO          262    i.MX_GPIO_Init      gpio.o
    0x0800301c   0x0800301c   0x00000100   Code   RO          335    i.MX_TIM1_Init      tim.o
    0x0800311c   0x0800311c   0x000000d0   Code   RO          336    i.MX_TIM3_Init      tim.o
    0x080031ec   0x080031ec   0x000000d0   Code   RO          337    i.MX_TIM4_Init      tim.o
    0x080032bc   0x080032bc   0x00000100   Code   RO          338    i.MX_TIM8_Init      tim.o
    0x080033bc   0x080033bc   0x00000038   Code   RO          400    i.MX_UART4_Init     usart.o
    0x080033f4   0x080033f4   0x00000038   Code   RO          401    i.MX_UART5_Init     usart.o
    0x0800342c   0x0800342c   0x00000038   Code   RO          402    i.MX_USART1_UART_Init  usart.o
    0x08003464   0x08003464   0x00000038   Code   RO          403    i.MX_USART2_UART_Init  usart.o
    0x0800349c   0x0800349c   0x00000038   Code   RO          404    i.MX_USART3_UART_Init  usart.o
    0x080034d4   0x080034d4   0x00000002   Code   RO          466    i.MemManage_Handler  stm32f1xx_it.o
    0x080034d6   0x080034d6   0x00000002   Code   RO          467    i.NMI_Handler       stm32f1xx_it.o
    0x080034d8   0x080034d8   0x00000012   Code   RO         4369    i.SysTick_Handler   board.o
    0x080034ea   0x080034ea   0x0000007a   Code   RO           18    i.SystemClock_Config  main.o
    0x08003564   0x08003564   0x00000068   Code   RO         3208    i.SystemCoreClockUpdate  system_stm32f1xx.o
    0x080035cc   0x080035cc   0x00000002   Code   RO         3209    i.SystemInit        system_stm32f1xx.o
    0x080035ce   0x080035ce   0x00000002   PAD
    0x080035d0   0x080035d0   0x0000000c   Code   RO          468    i.TIM2_IRQHandler   stm32f1xx_it.o
    0x080035dc   0x080035dc   0x0000008c   Code   RO         1973    i.TIM_Base_SetConfig  stm32f1xx_hal_tim.o
    0x08003668   0x08003668   0x0000001a   Code   RO         1974    i.TIM_CCxChannelCmd  stm32f1xx_hal_tim.o
    0x08003682   0x08003682   0x00000014   Code   RO         1984    i.TIM_ETR_SetConfig  stm32f1xx_hal_tim.o
    0x08003696   0x08003696   0x00000010   Code   RO         1985    i.TIM_ITRx_SetConfig  stm32f1xx_hal_tim.o
    0x080036a6   0x080036a6   0x00000002   PAD
    0x080036a8   0x080036a8   0x00000060   Code   RO         1986    i.TIM_OC1_SetConfig  stm32f1xx_hal_tim.o
    0x08003708   0x08003708   0x0000006c   Code   RO         1987    i.TIM_OC2_SetConfig  stm32f1xx_hal_tim.o
    0x08003774   0x08003774   0x00000068   Code   RO         1988    i.TIM_OC3_SetConfig  stm32f1xx_hal_tim.o
    0x080037dc   0x080037dc   0x00000050   Code   RO         1989    i.TIM_OC4_SetConfig  stm32f1xx_hal_tim.o
    0x0800382c   0x0800382c   0x00000022   Code   RO         1991    i.TIM_TI1_ConfigInputStage  stm32f1xx_hal_tim.o
    0x0800384e   0x0800384e   0x00000024   Code   RO         1993    i.TIM_TI2_ConfigInputStage  stm32f1xx_hal_tim.o
    0x08003872   0x08003872   0x00000002   PAD
    0x08003874   0x08003874   0x0000000c   Code   RO          469    i.UART4_IRQHandler  stm32f1xx_it.o
    0x08003880   0x08003880   0x00000010   Code   RO         2893    i.UART_DMAAbortOnError  stm32f1xx_hal_uart.o
    0x08003890   0x08003890   0x00000030   Code   RO         2903    i.UART_EndRxTransfer  stm32f1xx_hal_uart.o
    0x080038c0   0x080038c0   0x000000b6   Code   RO         2905    i.UART_Receive_IT   stm32f1xx_hal_uart.o
    0x08003976   0x08003976   0x00000002   PAD
    0x08003978   0x08003978   0x000000b8   Code   RO         2906    i.UART_SetConfig    stm32f1xx_hal_uart.o
    0x08003a30   0x08003a30   0x00000036   Code   RO         2908    i.UART_Start_Receive_IT  stm32f1xx_hal_uart.o
    0x08003a66   0x08003a66   0x00000064   Code   RO         2909    i.UART_WaitOnFlagUntilTimeout  stm32f1xx_hal_uart.o
    0x08003aca   0x08003aca   0x00000002   Code   RO          470    i.UsageFault_Handler  stm32f1xx_it.o
    0x08003acc   0x08003acc   0x00000020   Code   RO         4653    i.__0printf         mc_w.l(printfa.o)
    0x08003aec   0x08003aec   0x00000020   Code   RO         1391    i.__NVIC_SetPriority  stm32f1xx_hal_cortex.o
    0x08003b0c   0x08003b0c   0x00000048   Code   RO         3834    i.__rt_ffs          kservice.o
    0x08003b54   0x08003b54   0x0000000e   Code   RO         4741    i.__scatterload_copy  mc_w.l(handlers.o)
    0x08003b62   0x08003b62   0x00000002   Code   RO         4742    i.__scatterload_null  mc_w.l(handlers.o)
    0x08003b64   0x08003b64   0x0000000e   Code   RO         4743    i.__scatterload_zeroinit  mc_w.l(handlers.o)
    0x08003b72   0x08003b72   0x00000002   PAD
    0x08003b74   0x08003b74   0x00000184   Code   RO         4660    i._fp_digits        mc_w.l(printfa.o)
    0x08003cf8   0x08003cf8   0x000006dc   Code   RO         4661    i._printf_core      mc_w.l(printfa.o)
    0x080043d4   0x080043d4   0x00000024   Code   RO         4662    i._printf_post_padding  mc_w.l(printfa.o)
    0x080043f8   0x080043f8   0x0000002e   Code   RO         4663    i._printf_pre_padding  mc_w.l(printfa.o)
    0x08004426   0x08004426   0x00000002   PAD
    0x08004428   0x08004428   0x0000007c   Code   RO         4139    i._rt_thread_init   thread.o
    0x080044a4   0x080044a4   0x00000028   Code   RO         4249    i._rt_timer_init    timer.o
    0x080044cc   0x080044cc   0x0000001c   Code   RO         4140    i._thread_cleanup_execute  thread.o
    0x080044e8   0x080044e8   0x00000018   Code   RO           20    i.fputc             main.o
    0x08004500   0x08004500   0x000001a4   Code   RO           23    i.main              main.o
    0x080046a4   0x080046a4   0x0000000e   Code   RO         3656    i.main_thread_entry  components.o
    0x080046b2   0x080046b2   0x00000002   PAD
    0x080046b4   0x080046b4   0x00000170   Code   RO         3836    i.print_number      kservice.o
    0x08004824   0x08004824   0x00000044   Code   RO         3657    i.rt_application_init  components.o
    0x08004868   0x08004868   0x00000020   Code   RO         3658    i.rt_components_board_init  components.o
    0x08004888   0x08004888   0x00000020   Code   RO         3659    i.rt_components_init  components.o
    0x080048a8   0x080048a8   0x0000001c   Code   RO         4072    i.rt_enter_critical  scheduler.o
    0x080048c4   0x080048c4   0x00000038   Code   RO         4073    i.rt_exit_critical  scheduler.o
    0x080048fc   0x080048fc   0x00000026   Code   RO         4370    i.rt_hw_board_init  board.o
    0x08004922   0x08004922   0x00000002   PAD
    0x08004924   0x08004924   0x00000048   Code   RO         4371    i.rt_hw_console_output  board.o
    0x0800496c   0x0800496c   0x000001f8   Code   RO         4327    i.rt_hw_hard_fault_exception  cpuport.o
    0x08004b64   0x08004b64   0x00000040   Code   RO         4328    i.rt_hw_stack_init  cpuport.o
    0x08004ba4   0x08004ba4   0x0000001c   Code   RO         3807    i.rt_interrupt_enter  irq.o
    0x08004bc0   0x08004bc0   0x0000001c   Code   RO         3809    i.rt_interrupt_leave  irq.o
    0x08004bdc   0x08004bdc   0x00000024   Code   RO         3839    i.rt_kprintf        kservice.o
    0x08004c00   0x08004c00   0x00000056   Code   RO         3844    i.rt_memset         kservice.o
    0x08004c56   0x08004c56   0x0000002c   Code   RO         4006    i.rt_object_detach  object.o
    0x08004c82   0x08004c82   0x00000002   PAD
    0x08004c84   0x08004c84   0x00000024   Code   RO         4008    i.rt_object_get_information  object.o
    0x08004ca8   0x08004ca8   0x0000005a   Code   RO         4012    i.rt_object_init    object.o
    0x08004d02   0x08004d02   0x00000010   Code   RO         4013    i.rt_object_is_systemobject  object.o
    0x08004d12   0x08004d12   0x00000002   PAD
    0x08004d14   0x08004d14   0x00000064   Code   RO         4074    i.rt_schedule       scheduler.o
    0x08004d78   0x08004d78   0x00000050   Code   RO         4075    i.rt_schedule_insert_thread  scheduler.o
    0x08004dc8   0x08004dc8   0x00000054   Code   RO         4076    i.rt_schedule_remove_thread  scheduler.o
    0x08004e1c   0x08004e1c   0x000000b0   Code   RO         3846    i.rt_show_version   kservice.o
    0x08004ecc   0x08004ecc   0x00000010   Code   RO         3851    i.rt_strlen         kservice.o
    0x08004edc   0x08004edc   0x0000002a   Code   RO         3853    i.rt_strncpy        kservice.o
    0x08004f06   0x08004f06   0x00000002   PAD
    0x08004f08   0x08004f08   0x0000003c   Code   RO         4077    i.rt_system_scheduler_init  scheduler.o
    0x08004f44   0x08004f44   0x00000028   Code   RO         4078    i.rt_system_scheduler_start  scheduler.o
    0x08004f6c   0x08004f6c   0x00000018   Code   RO         4250    i.rt_system_timer_init  timer.o
    0x08004f84   0x08004f84   0x00000002   Code   RO         4251    i.rt_system_timer_thread_init  timer.o
    0x08004f86   0x08004f86   0x00000002   PAD
    0x08004f88   0x08004f88   0x00000060   Code   RO         4145    i.rt_thread_exit    thread.o
    0x08004fe8   0x08004fe8   0x00000006   Code   RO         3730    i.rt_thread_idle_entry  idle.o
    0x08004fee   0x08004fee   0x00000002   Code   RO         3731    i.rt_thread_idle_excute  idle.o
    0x08004ff0   0x08004ff0   0x00000040   Code   RO         3733    i.rt_thread_idle_init  idle.o
    0x08005030   0x08005030   0x00000032   Code   RO         4147    i.rt_thread_init    thread.o
    0x08005062   0x08005062   0x0000000e   Code   RO         4148    i.rt_thread_mdelay  thread.o
    0x08005070   0x08005070   0x00000048   Code   RO         4149    i.rt_thread_resume  thread.o
    0x080050b8   0x080050b8   0x0000000c   Code   RO         4150    i.rt_thread_self    thread.o
    0x080050c4   0x080050c4   0x00000044   Code   RO         4151    i.rt_thread_sleep   thread.o
    0x08005108   0x08005108   0x0000002a   Code   RO         4152    i.rt_thread_startup  thread.o
    0x08005132   0x08005132   0x00000044   Code   RO         4153    i.rt_thread_suspend  thread.o
    0x08005176   0x08005176   0x00000028   Code   RO         4154    i.rt_thread_timeout  thread.o
    0x0800519e   0x0800519e   0x00000002   PAD
    0x080051a0   0x080051a0   0x0000006c   Code   RO         4155    i.rt_thread_yield   thread.o
    0x0800520c   0x0800520c   0x00000032   Code   RO         3615    i.rt_tick_from_millisecond  clock.o
    0x0800523e   0x0800523e   0x00000002   PAD
    0x08005240   0x08005240   0x0000000c   Code   RO         3616    i.rt_tick_get       clock.o
    0x0800524c   0x0800524c   0x0000002c   Code   RO         3617    i.rt_tick_increase  clock.o
    0x08005278   0x08005278   0x000000f4   Code   RO         4252    i.rt_timer_check    timer.o
    0x0800536c   0x0800536c   0x00000054   Code   RO         4253    i.rt_timer_control  timer.o
    0x080053c0   0x080053c0   0x00000046   Code   RO         4254    i.rt_timer_detach   timer.o
    0x08005406   0x08005406   0x0000002a   Code   RO         4255    i.rt_timer_init     timer.o
    0x08005430   0x08005430   0x000000d0   Code   RO         4258    i.rt_timer_start    timer.o
    0x08005500   0x08005500   0x00000052   Code   RO         4259    i.rt_timer_stop     timer.o
    0x08005552   0x08005552   0x00000002   PAD
    0x08005554   0x08005554   0x0000032c   Code   RO         3856    i.rt_vsnprintf      kservice.o
    0x08005880   0x08005880   0x00000004   Code   RO         3660    i.rti_board_end     components.o
    0x08005884   0x08005884   0x00000004   Code   RO         3661    i.rti_board_start   components.o
    0x08005888   0x08005888   0x00000004   Code   RO         3662    i.rti_end           components.o
    0x0800588c   0x0800588c   0x00000004   Code   RO         3663    i.rti_start         components.o
    0x08005890   0x08005890   0x0000002a   Code   RO         3664    i.rtthread_startup  components.o
    0x080058ba   0x080058ba   0x00000002   PAD
    0x080058bc   0x080058bc   0x00000034   Code   RO         4372    i.uart_init         board.o
    0x080058f0   0x080058f0   0x00000010   Data   RO         3210    .constdata          system_stm32f1xx.o
    0x08005900   0x08005900   0x00000008   Data   RO         3211    .constdata          system_stm32f1xx.o
    0x08005908   0x08005908   0x00000122   Data   RO         3859    .constdata          kservice.o
    0x08005a2a   0x08005a2a   0x00000002   PAD
    0x08005a2c   0x08005a2c   0x00000004   Data   RO         3666    .rti_fn.0           components.o
    0x08005a30   0x08005a30   0x00000004   Data   RO         3667    .rti_fn.0.end       components.o
    0x08005a34   0x08005a34   0x00000004   Data   RO         4374    .rti_fn.1           board.o
    0x08005a38   0x08005a38   0x00000004   Data   RO         3668    .rti_fn.1.end       components.o
    0x08005a3c   0x08005a3c   0x00000004   Data   RO         3669    .rti_fn.6.end       components.o
    0x08005a40   0x08005a40   0x00000020   Data   RO         4739    Region$$Table       anon$$obj.o


    Execution Region RW_IRAM1 (Exec base: 0x20000000, Load base: 0x08005a60, Size: 0x00001028, Max: 0x00010000, ABSOLUTE)

    Exec Addr    Load Addr    Size         Type   Attr      Idx    E Section Name        Object

    0x20000000   0x08005a60   0x00000001   Data   RW           27    .data               main.o
    0x20000001   0x08005a61   0x00000003   PAD
    0x20000004   0x08005a64   0x0000000c   Data   RW          928    .data               stm32f1xx_hal.o
    0x20000010   0x08005a70   0x00000004   Data   RW         3212    .data               system_stm32f1xx.o
    0x20000014   0x08005a74   0x0000001a   Data   RW         3248    .data               jy901.o
    0x2000002e   0x08005a8e   0x00000002   PAD
    0x20000030   0x08005a90   0x00000020   Data   RW         3304    .data               ms5837.o
    0x20000050   0x08005ab0   0x00000004   Data   RW         3619    .data               clock.o
    0x20000054   0x08005ab4   0x00000001   Data   RW         3810    .data               irq.o
    0x20000055   0x08005ab5   0x00000003   PAD
    0x20000058   0x08005ab8   0x00000030   Data   RW         4015    .data               object.o
    0x20000088   0x08005ae8   0x00000014   Data   RW         4080    .data               scheduler.o
    0x2000009c   0x08005afc   0x0000000c   Data   RW         4260    .data               timer.o
    0x200000a8   0x08005b08   0x00000004   Data   RW         4329    .data               cpuport.o
    0x200000ac   0x08005b0c   0x00000004   Data   RW         4330    .data               cpuport.o
    0x200000b0   0x08005b10   0x00000004   Data   RW         4331    .data               cpuport.o
    0x200000b4   0x08005b14   0x00000004   Data   RW         4332    .data               cpuport.o
    0x200000b8   0x08005b18   0x00000004   Data   RW         4715    .data               mc_w.l(stdout.o)
    0x200000bc        -       0x00000030   Zero   RW          293    .bss                adc.o
    0x200000ec        -       0x00000120   Zero   RW          339    .bss                tim.o
    0x2000020c        -       0x00000154   Zero   RW          405    .bss                usart.o
    0x20000360        -       0x00000048   Zero   RW          555    .bss                stm32f1xx_hal_timebase_tim.o
    0x200003a8        -       0x0000011e   Zero   RW         3247    .bss                jy901.o
    0x200004c6   0x08005b1c   0x00000002   PAD
    0x200004c8        -       0x00000028   Zero   RW         3303    .bss                ms5837.o
    0x200004f0        -       0x00000478   Zero   RW         3665    .bss                components.o
    0x20000968        -       0x000000f8   Zero   RW         3734    .bss                idle.o
    0x20000a60        -       0x00000080   Zero   RW         3858    .bss                kservice.o
    0x20000ae0        -       0x00000100   Zero   RW         4079    .bss                scheduler.o
    0x20000be0        -       0x00000044   Zero   RW         4373    .bss                board.o
    0x20000c24   0x08005b1c   0x00000004   PAD
    0x20000c28        -       0x00000400   Zero   RW            1    STACK               startup_stm32f103xe.o


==============================================================================

Image component sizes


      Code (inc. data)   RO Data    RW Data    ZI Data      Debug   Object Name

       196         24          0          0         48       1573   adc.o
       180         14          4          0         68       3170   board.o
       106         12          0          4          0       1860   clock.o
       214         36         16          0       1144       6188   components.o
       244         28          0          0          0        812   context_rvds.o
       568        326          0         16          0       3394   cpuport.o
       312         20          0          0          0        995   gpio.o
       836          4          0          0          0       6646   i2c.o
        72         20          0          0        248       2166   idle.o
        56         12          0          1          0       1662   irq.o
       340         16          0         26        286       2688   jy901.o
      1608        172        290          0        128       9512   kservice.o
       632        124          0          1          0     510645   main.o
      1164         66          0         32         40       5032   ms5837.o
       186          6          0         48          0       6368   object.o
       448         58          0         20        256       8530   scheduler.o
        36          8        304          0       1024        772   startup_stm32f103xe.o
        64         14          0         12          0       5070   stm32f1xx_hal.o
       626         28          0          0          0       3240   stm32f1xx_hal_adc.o
       198         14          0          0          0      28767   stm32f1xx_hal_cortex.o
       374          8          0          0          0       1747   stm32f1xx_hal_dma.o
       514         42          0          0          0       2816   stm32f1xx_hal_gpio.o
        60          8          0          0          0        810   stm32f1xx_hal_msp.o
      1348        116          0          0          0       6037   stm32f1xx_hal_rcc.o
       236         12          0          0          0       1324   stm32f1xx_hal_rcc_ex.o
      1908         96          0          0          0      15394   stm32f1xx_hal_tim.o
       212         20          0          0          0       3017   stm32f1xx_hal_tim_ex.o
       116         14          0          0         72       1335   stm32f1xx_hal_timebase_tim.o
      1432         10          0          0          0      10116   stm32f1xx_hal_uart.o
        34         12          0          0          0       2814   stm32f1xx_it.o
       106         22         24          4          0       1631   system_stm32f1xx.o
       722         38          0          0          0      11389   thread.o
      1312         98          0          0        288       4811   tim.o
       796         24          0         12          0      11156   timer.o
       724         82          0          0        340       4122   usart.o

    ----------------------------------------------------------------------
     18030       1604        672        184       3948     687609   Object Totals
         0          0         32          0          0          0   (incl. Generated)
        50          0          2          8          6          0   (incl. Padding)

    ----------------------------------------------------------------------

      Code (inc. data)   RO Data    RW Data    ZI Data      Debug   Library Member Name

         0          0          0          0          0          0   entry.o
         0          0          0          0          0          0   entry10a.o
         0          0          0          0          0          0   entry11a.o
         8          4          0          0          0          0   entry2.o
         4          0          0          0          0          0   entry5.o
         0          0          0          0          0          0   entry7b.o
         0          0          0          0          0          0   entry8b.o
         8          4          0          0          0          0   entry9a.o
        30          0          0          0          0          0   handlers.o
        36          8          0          0          0         68   init.o
         0          0          0          0          0          0   iusefp.o
        98          0          0          0          0         84   ldiv.o
        30          0          0          0          0         68   llshl.o
        36          0          0          0          0         68   llsshr.o
        32          0          0          0          0         68   llushr.o
        36          0          0          0          0        108   memseta.o
      2258         90          0          0          0        452   printfa.o
         0          0          0          4          0          0   stdout.o
        44          0          0          0          0         80   uidiv.o
        98          0          0          0          0         92   uldiv.o
        48          0          0          0          0         68   cdrcmple.o
        56          0          0          0          0         88   d2f.o
       334          0          0          0          0        148   dadd.o
       222          0          0          0          0        100   ddiv.o
       186          0          0          0          0        176   depilogue.o
        48          0          0          0          0         68   dfixul.o
       228          0          0          0          0         96   dmul.o
        38          0          0          0          0         68   f2d.o
       176          0          0          0          0        140   fadd.o
       124          0          0          0          0         88   fdiv.o
       110          0          0          0          0        168   fepilogue.o
        18          0          0          0          0         68   fflti.o
       100          0          0          0          0         76   fmul.o
        24          0          0          0          0         68   fscalb.o

    ----------------------------------------------------------------------
      4434        106          0          4          0       2508   Library Totals
         4          0          0          0          0          0   (incl. Padding)

    ----------------------------------------------------------------------

      Code (inc. data)   RO Data    RW Data    ZI Data      Debug   Library Name

      2718        106          0          4          0       1088   mc_w.l
      1712          0          0          0          0       1420   mf_w.l

    ----------------------------------------------------------------------
      4434        106          0          4          0       2508   Library Totals

    ----------------------------------------------------------------------

==============================================================================


      Code (inc. data)   RO Data    RW Data    ZI Data      Debug   

     22464       1710        672        188       3948     680025   Grand Totals
     22464       1710        672        188       3948     680025   ELF Image Totals
     22464       1710        672        188          0          0   ROM Totals

==============================================================================

    Total RO  Size (Code + RO Data)                23136 (  22.59kB)
    Total RW  Size (RW Data + ZI Data)              4136 (   4.04kB)
    Total ROM Size (Code + RO Data + RW Data)      23324 (  22.78kB)

==============================================================================

